C 15000

CE <078>
CR <178>
CP <138>

F 8

I 469

L * # # + # | + + # + - + + + + + x


R {    1} {0} {<178>} {exit} { } {} {} {}
E {    2} {e} {e} {2} {0}

R {    2} {0} {<088>} {2} { } {} {} {}
E {    1} {w} {w} {8} {0}
E {    3} {e} {e} {2} {0}
E {    5} {s} {s} {4} {0}

R {    3} {0} {<088>} {3} { } {} {} {}
E {    2} {w} {w} {8} {0}
E {    4} {s} {s} {4} {0}

R {    4} {0} {<088>} {4} { } {} {} {}
E {    3} {n} {n} {1} {0}
E {    5} {w} {w} {8} {0}
E {    6} {e} {e} {2} {0}

R {    5} {0} {<088>} {5} { } {} {} {}
E {    4} {e} {e} {2} {0}
E {    2} {n} {n} {1} {0}

R {    6} {0} {<088>} {6} { } {} {} {}
E {    4} {w} {w} {8} {0}
E {    7} {e} {e} {2} {0}
E {    9} {s} {s} {4} {0}

R {    7} {0} {<088>} {7} { } {} {} {}
E {    6} {w} {w} {8} {0}
E {    8} {s} {s} {4} {0}

R {    8} {0} {<088>} {8} { } {} {} {}
E {    7} {n} {n} {1} {0}
E {    9} {w} {w} {8} {0}

R {    9} {0} {<088>} {9} { } {} {} {}
E {    8} {e} {e} {2} {0}
E {   10} {s} {s} {4} {0}
E {    6} {n} {n} {1} {0}

R {   10} {0} {<088>} {10} { } {} {} {}
E {    9} {n} {n} {1} {0}
E {   11} {w} {w} {8} {0}
E {   16} {s} {s} {4} {0}

R {   11} {0} {<088>} {11} { } {} {} {}
E {   10} {e} {e} {2} {0}
E {   12} {n} {n} {1} {0}
E {   14} {w} {w} {8} {0}
E {   15} {s} {s} {4} {0}

R {   12} {0} {<088>} {12} { } {} {} {}
E {   11} {s} {s} {4} {0}
E {   13} {w} {w} {8} {0}

R {   13} {0} {<088>} {13} { } {} {} {}
E {   12} {e} {e} {2} {0}
E {   14} {s} {s} {4} {0}

R {   14} {0} {<088>} {14} { } {} {} {}
E {   13} {n} {n} {1} {0}
E {   11} {e} {e} {2} {0}

R {   15} {0} {<088>} {15} { } {} {} {}
E {   11} {n} {n} {1} {0}
E {   16} {e} {e} {2} {0}

R {   16} {0} {<088>} {16} { } {} {} {}
E {   15} {w} {w} {8} {0}
E {   17} {e} {e} {2} {0}
E {   20} {s} {s} {4} {0}
E {   10} {n} {n} {1} {0}

R {   17} {0} {<088>} {17} { } {} {} {}
E {   16} {w} {w} {8} {0}
E {   18} {e} {e} {2} {0}
E {   19} {s} {s} {4} {0}

R {   18} {0} {<088>} {18} { } {} {} {}
E {   17} {w} {w} {8} {0}
E {   21} {s} {s} {4} {0}
E {   26} {n} {n} {1} {0}

R {   19} {0} {<088>} {19} { } {} {} {}
E {   17} {n} {n} {1} {0}
E {   20} {w} {w} {8} {0}

R {   20} {0} {<088>} {20} { } {} {} {}
E {   19} {e} {e} {2} {0}
E {   16} {n} {n} {1} {0}

R {   21} {0} {<088>} {21} { } {} {} {}
E {   18} {n} {n} {1} {0}
E {   22} {e} {e} {2} {0}

R {   22} {0} {<088>} {22} { } {} {} {}
E {   21} {w} {w} {8} {0}
E {   23} {n} {n} {1} {0}
E {   25} {e} {e} {2} {0}

R {   23} {0} {<088>} {23} { } {} {} {}
E {   22} {s} {s} {4} {0}
E {   24} {e} {e} {2} {0}

R {   24} {0} {<088>} {24} { } {} {} {}
E {   23} {w} {w} {8} {0}
E {   25} {s} {s} {4} {0}

R {   25} {0} {<088>} {25} { } {} {} {}
E {   24} {n} {n} {1} {0}
E {   22} {w} {w} {8} {0}

R {   26} {0} {<088>} {26} { } {} {} {}
E {   18} {s} {s} {4} {0}
E {   27} {e} {e} {2} {0}

R {   27} {0} {<088>} {27} { } {} {} {}
E {   26} {w} {w} {8} {0}
E {   28} {e} {e} {2} {0}
E {   30} {n} {n} {1} {0}

R {   28} {0} {<088>} {28} { } {} {} {}
E {   27} {w} {w} {8} {0}
E {   29} {n} {n} {1} {0}

R {   29} {0} {<088>} {29} { } {} {} {}
E {   28} {s} {s} {4} {0}
E {   30} {w} {w} {8} {0}

R {   30} {0} {<088>} {30} { } {} {} {}
E {   29} {e} {e} {2} {0}
E {   31} {n} {n} {1} {0}
E {   27} {s} {s} {4} {0}

R {   31} {0} {<088>} {31} { } {} {} {}
E {   30} {s} {s} {4} {0}
E {   32} {w} {w} {8} {0}
E {   34} {n} {n} {1} {0}

R {   32} {0} {<088>} {32} { } {} {} {}
E {   31} {e} {e} {2} {0}
E {   33} {n} {n} {1} {0}

R {   33} {0} {<088>} {33} { } {} {} {}
E {   32} {s} {s} {4} {0}
E {   34} {e} {e} {2} {0}

R {   34} {0} {<088>} {34} { } {} {} {}
E {   33} {w} {w} {8} {0}
E {   35} {e} {e} {2} {0}
E {   31} {s} {s} {4} {0}

R {   35} {0} {<149>} {downto2} { } {} {} {}
E {   34} {w} {w} {8} {0}
E {   36} {d} {d} {32} {0}

R {   36} {0} {<149>} {upto1} { } {} {} {}
E {   35} {u} {u} {16} {0}
E {   37} {s} {s} {4} {0}
E {   47} {w} {w} {8} {0}

R {   37} {0} {<088>} {37} { } {} {} {}
E {   36} {n} {n} {1} {0}
E {   38} {e} {e} {2} {0}
E {   46} {w} {w} {8} {0}
E {   40} {s} {s} {4} {0}

R {   38} {0} {<088>} {38} { } {} {} {}
E {   37} {w} {w} {8} {0}
E {   39} {s} {s} {4} {0}

R {   39} {0} {<088>} {39} { } {} {} {}
E {   38} {n} {n} {1} {0}
E {   40} {w} {w} {8} {0}

R {   40} {0} {<088>} {40} { } {} {} {}
E {   39} {e} {e} {2} {0}
E {   41} {s} {s} {4} {0}
E {   37} {n} {n} {1} {0}
E {   45} {w} {w} {8} {0}

R {   41} {0} {<088>} {41} { } {} {} {}
E {   40} {n} {n} {1} {0}
E {   42} {s} {s} {4} {0}
E {   44} {w} {w} {8} {0}

R {   42} {0} {<088>} {42} { } {} {} {}
E {   41} {n} {n} {1} {0}
E {   43} {w} {w} {8} {0}

R {   43} {0} {<088>} {43} { } {} {} {}
E {   42} {e} {e} {2} {0}
E {   44} {n} {n} {1} {0}
E {   76} {s} {s} {4} {0}
E {   74} {w} {w} {8} {0}

R {   44} {0} {<088>} {44} { } {} {} {}
E {   43} {s} {s} {4} {0}
E {   45} {n} {n} {1} {0}
E {   41} {e} {e} {2} {0}
E {   77} {w} {w} {8} {0}

R {   45} {0} {<088>} {45} { } {} {} {}
E {   44} {s} {s} {4} {0}
E {   46} {n} {n} {1} {0}
E {   81} {w} {w} {8} {0}
E {   40} {e} {e} {2} {0}

R {   46} {0} {<088>} {46} { } {} {} {}
E {   45} {s} {s} {4} {0}
E {   37} {e} {e} {2} {0}
E {   89} {w} {w} {8} {0}

R {   47} {0} {<088>} {47} { } {} {} {}
E {   36} {e} {e} {2} {0}
E {   48} {n} {n} {1} {0}
E {   51} {w} {w} {8} {0}

R {   48} {0} {<088>} {48} { } {} {} {}
E {   47} {s} {s} {4} {0}
E {   49} {e} {e} {2} {0}
E {   50} {w} {w} {8} {0}

R {   49} {0} {<088>} {49} { } {} {} {}
E {   48} {w} {w} {8} {0}

R {   50} {0} {<088>} {50} { } {} {} {}
E {   48} {e} {e} {2} {0}
E {   51} {s} {s} {4} {0}

R {   51} {0} {<088>} {51} { } {} {} {}
E {   50} {n} {n} {1} {0}
E {   52} {w} {w} {8} {0}
E {   47} {e} {e} {2} {0}
E {   89} {s} {s} {4} {0}

R {   52} {0} {<088>} {52} { } {} {} {}
E {   51} {e} {e} {2} {0}
E {   53} {w} {w} {8} {0}
E {   88} {s} {s} {4} {0}

R {   53} {0} {<088>} {53} { } {} {} {}
E {   52} {e} {e} {2} {0}
E {   54} {n} {n} {1} {0}
E {   56} {w} {w} {8} {0}
E {   87} {s} {s} {4} {0}

R {   54} {0} {<088>} {54} { } {} {} {}
E {   53} {s} {s} {4} {0}
E {   55} {w} {w} {8} {0}

R {   55} {0} {<088>} {55} { } {} {} {}
E {   54} {e} {e} {2} {0}
E {   56} {s} {s} {4} {0}
E {   58} {w} {w} {8} {0}

R {   56} {0} {<088>} {56} { } {} {} {}
E {   55} {n} {n} {1} {0}
E {   53} {e} {e} {2} {0}
E {   57} {w} {w} {8} {0}

R {   57} {0} {<088>} {57} { } {} {} {}
E {   56} {e} {e} {2} {0}
E {   58} {n} {n} {1} {0}
E {   60} {s} {s} {4} {0}

R {   58} {0} {<088>} {58} { } {} {} {}
E {   57} {s} {s} {4} {0}
E {   55} {e} {e} {2} {0}
E {   59} {w} {w} {8} {0}

R {   59} {0} {<088>} {59} { } {} {} {}
E {   58} {e} {e} {2} {0}

R {   60} {0} {<088>} {60} { } {} {} {}
E {   57} {n} {n} {1} {0}
E {   61} {w} {w} {8} {0}
E {   63} {s} {s} {4} {0}
E {   64} {e} {e} {2} {0}

R {   61} {0} {<088>} {61} { } {} {} {}
E {   60} {e} {e} {2} {0}
E {   62} {s} {s} {4} {0}

R {   62} {0} {<088>} {62} { } {} {} {}
E {   61} {n} {n} {1} {0}
E {   63} {e} {e} {2} {0}

R {   63} {0} {<088>} {63} { } {} {} {}
E {   62} {w} {w} {8} {0}
E {   60} {n} {n} {1} {0}
E {   65} {e} {e} {2} {0}
E {   69} {s} {s} {4} {0}

R {   64} {0} {<088>} {64} { } {} {} {}
E {   60} {w} {w} {8} {0}
E {   65} {s} {s} {4} {0}
E {   87} {e} {e} {2} {0}

R {   65} {0} {<088>} {65} { } {} {} {}
E {   64} {n} {n} {1} {0}
E {   66} {e} {e} {2} {0}
E {   68} {s} {s} {4} {0}
E {   63} {w} {w} {8} {0}

R {   66} {0} {<088>} {66} { } {} {} {}
E {   65} {w} {w} {8} {0}
E {   67} {s} {s} {4} {0}
E {   82} {e} {e} {2} {0}

R {   67} {0} {<088>} {67} { } {} {} {}
E {   66} {n} {n} {1} {0}
E {   68} {w} {w} {8} {0}
E {   78} {e} {e} {2} {0}
E {   72} {s} {s} {4} {0}

R {   68} {0} {<088>} {68} { } {} {} {}
E {   67} {e} {e} {2} {0}
E {   69} {w} {w} {8} {0}
E {   65} {n} {n} {1} {0}
E {   71} {s} {s} {4} {0}

R {   69} {0} {<088>} {69} { } {} {} {}
E {   68} {e} {e} {2} {0}
E {   70} {s} {s} {4} {0}
E {   63} {n} {n} {1} {0}

R {   70} {0} {<088>} {70} { } {} {} {}
E {   69} {n} {n} {1} {0}
E {   71} {e} {e} {2} {0}

R {   71} {0} {<088>} {71} { } {} {} {}
E {   70} {w} {w} {8} {0}
E {   72} {e} {e} {2} {0}
E {   79} {s} {s} {4} {0}
E {   68} {n} {n} {1} {0}

R {   72} {0} {<088>} {72} { } {} {} {}
E {   71} {w} {w} {8} {0}
E {   73} {e} {e} {2} {0}
E {   80} {s} {s} {4} {0}
E {   67} {n} {n} {1} {0}

R {   73} {0} {<088>} {downto3} { } {} {} {}
E {   72} {w} {w} {8} {0}
E {   74} {e} {e} {2} {0}
E {   83} {d} {d} {32} {0}

R {   74} {0} {<088>} {74} { } {} {} {}
E {   73} {w} {w} {8} {0}
E {   75} {s} {s} {4} {0}
E {   43} {e} {e} {2} {0}
E {   77} {n} {n} {1} {0}

R {   75} {0} {<088>} {75} { } {} {} {}
E {   74} {n} {n} {1} {0}
E {   76} {e} {e} {2} {0}

R {   76} {0} {<088>} {76} { } {} {} {}
E {   75} {w} {w} {8} {0}
E {   43} {n} {n} {1} {0}

R {   77} {0} {<088>} {77} { } {} {} {}
E {   44} {e} {e} {2} {0}
E {   78} {w} {w} {8} {0}
E {   74} {s} {s} {4} {0}
E {   81} {n} {n} {1} {0}

R {   78} {0} {<088>} {78} { } {} {} {}
E {   77} {e} {e} {2} {0}
E {   67} {w} {w} {8} {0}

R {   79} {0} {<088>} {79} { } {} {} {}
E {   71} {n} {n} {1} {0}
E {   80} {e} {e} {2} {0}

R {   80} {0} {<088>} {80} { } {} {} {}
E {   79} {w} {w} {8} {0}
E {   72} {n} {n} {1} {0}

R {   81} {0} {<088>} {81} { } {} {} {}
E {   77} {s} {s} {4} {0}
E {   45} {e} {e} {2} {0}
E {   82} {w} {w} {8} {0}

R {   82} {0} {<088>} {82} { } {} {} {}
E {   81} {e} {e} {2} {0}
E {   66} {w} {w} {8} {0}
E {   88} {n} {n} {1} {0}

R {   83} {0} {<149>} {upto2} { } {} {} {}
E {   73} {u} {u} {16} {0}
E {   84} {w} {w} {8} {0}

R {   84} {0} {<088>} {84} { } {} {} {}
E {   83} {e} {e} {2} {0}
E {   85} {s} {s} {4} {0}
E {   90} {w} {w} {8} {0}

R {   85} {0} {<088>} {85} { } {} {} {}
E {   84} {n} {n} {1} {0}
E {   86} {e} {e} {2} {0}

R {   86} {0} {<088>} {86} { } {} {} {}
E {   85} {w} {w} {8} {0}

R {   87} {0} {<088>} {87} { } {} {} {}
E {   53} {n} {n} {1} {0}
E {   88} {e} {e} {2} {0}
E {   64} {w} {w} {8} {0}

R {   88} {0} {<088>} {88} { } {} {} {}
E {   87} {w} {w} {8} {0}
E {   52} {n} {n} {1} {0}
E {   89} {e} {e} {2} {0}
E {   82} {s} {s} {4} {0}

R {   89} {0} {<088>} {89} { } {} {} {}
E {   51} {n} {n} {1} {0}
E {   88} {w} {w} {8} {0}
E {   46} {e} {e} {2} {0}

R {   90} {0} {<088>} {90} { } {} {} {}
E {   84} {e} {e} {2} {0}
E {   91} {s} {s} {4} {0}
E {   92} {n} {n} {1} {0}

R {   91} {0} {<088>} {91} { } {} {} {}
E {   90} {n} {n} {1} {0}

R {   92} {0} {<088>} {92} { } {} {} {}
E {   90} {s} {s} {4} {0}
E {   93} {n} {n} {1} {0}

R {   93} {0} {<088>} {93} { } {} {} {}
E {   92} {s} {s} {4} {0}
E {   94} {w} {w} {8} {0}
E {   95} {n} {n} {1} {0}

R {   94} {0} {<088>} {94} { } {} {} {}
E {   93} {e} {e} {2} {0}
E {   96} {w} {w} {8} {0}
E {   98} {s} {s} {4} {0}
E {  102} {n} {n} {1} {0}

R {   95} {0} {<088>} {95} { } {} {} {}
E {   93} {s} {s} {4} {0}
E {  102} {w} {w} {8} {0}
E {  105} {n} {n} {1} {0}
E {  115} {e} {e} {2} {0}

R {   96} {0} {<088>} {96} { } {} {} {}
E {   94} {e} {e} {2} {0}
E {   97} {w} {w} {8} {0}

R {   97} {0} {<088>} {97} { } {} {} {}
E {   96} {e} {e} {2} {0}

R {   98} {0} {<088>} {98} { } {} {} {}
E {   94} {n} {n} {1} {0}
E {   99} {s} {s} {4} {0}
E {  100} {w} {w} {8} {0}

R {   99} {0} {<088>} {99} { } {} {} {}
E {   98} {n} {n} {1} {0}

R {  100} {0} {<088>} {100} { } {} {} {}
E {   98} {e} {e} {2} {0}
E {  101} {w} {w} {8} {0}

R {  101} {0} {<088>} {101} { } {} {} {}
E {  100} {e} {e} {2} {0}

R {  102} {0} {<088>} {102} { } {} {} {}
E {   94} {s} {s} {4} {0}
E {  103} {w} {w} {8} {0}
E {   95} {e} {e} {2} {0}

R {  103} {0} {<088>} {103} { } {} {} {}
E {  102} {e} {e} {2} {0}
E {  104} {w} {w} {8} {0}

R {  104} {0} {<088>} {104} { } {} {} {}
E {  103} {e} {e} {2} {0}

R {  105} {0} {<088>} {105} { } {} {} {}
E {   95} {s} {s} {4} {0}
E {  106} {w} {w} {8} {0}
E {  108} {n} {n} {1} {0}
E {  113} {e} {e} {2} {0}

R {  106} {0} {<088>} {106} { } {} {} {}
E {  105} {e} {e} {2} {0}
E {  107} {w} {w} {8} {0}

R {  107} {0} {<088>} {107} { } {} {} {}
E {  106} {e} {e} {2} {0}

R {  108} {0} {<088>} {108} { } {} {} {}
E {  105} {s} {s} {4} {0}
E {  109} {w} {w} {8} {0}
E {  111} {e} {e} {2} {0}

R {  109} {0} {<088>} {109} { } {} {} {}
E {  108} {e} {e} {2} {0}
E {  110} {w} {w} {8} {0}

R {  110} {0} {<088>} {110} { } {} {} {}
E {  109} {e} {e} {2} {0}

R {  111} {0} {<088>} {111} { } {} {} {}
E {  108} {w} {w} {8} {0}
E {  112} {e} {e} {2} {0}

R {  112} {0} {<088>} {112} { } {} {} {}
E {  111} {w} {w} {8} {0}

R {  113} {0} {<088>} {113} { } {} {} {}
E {  105} {w} {w} {8} {0}
E {  114} {e} {e} {2} {0}

R {  114} {0} {<088>} {114} { } {} {} {}
E {  113} {w} {w} {8} {0}

R {  115} {0} {<088>} {115} { } {} {} {}
E {   95} {w} {w} {8} {0}
E {  116} {e} {e} {2} {0}
E {  145} {s} {s} {4} {0}

R {  116} {0} {<088>} {116} { } {} {} {}
E {  115} {w} {w} {8} {0}
E {  117} {e} {e} {2} {0}
E {  147} {s} {s} {4} {0}

R {  117} {0} {<088>} {117} { } {} {} {}
E {  116} {w} {w} {8} {0}
E {  118} {e} {e} {2} {0}
E {  149} {s} {s} {4} {0}

R {  118} {0} {<088>} {118} { } {} {} {}
E {  117} {w} {w} {8} {0}
E {  119} {n} {n} {1} {0}
E {  127} {e} {e} {2} {0}
E {  143} {s} {s} {4} {0}

R {  119} {0} {<088>} {119} { } {} {} {}
E {  118} {s} {s} {4} {0}
E {  120} {w} {w} {8} {0}
E {  122} {n} {n} {1} {0}
E {  124} {e} {e} {2} {0}

R {  120} {0} {<088>} {120} { } {} {} {}
E {  119} {e} {e} {2} {0}
E {  121} {n} {n} {1} {0}

R {  121} {0} {<088>} {121} { } {} {} {}
E {  120} {s} {s} {4} {0}

R {  122} {0} {<088>} {122} { } {} {} {}
E {  119} {s} {s} {4} {0}
E {  123} {e} {e} {2} {0}

R {  123} {0} {<088>} {123} { } {} {} {}
E {  122} {w} {w} {8} {0}

R {  124} {0} {<149>} {downto4} { } {} {} {}
E {  119} {w} {w} {8} {0}
E {  125} {e} {e} {2} {0}
E {  151} {d} {d} {32} {0}

R {  125} {0} {<088>} {125} { } {} {} {}
E {  124} {w} {w} {8} {0}
E {  126} {e} {e} {2} {0}

R {  126} {0} {<088>} {126} { } {} {} {}
E {  125} {w} {w} {8} {0}

R {  127} {0} {<088>} {127} { } {} {} {}
E {  118} {w} {w} {8} {0}
E {  128} {s} {s} {4} {0}
E {  141} {e} {e} {2} {0}

R {  128} {0} {<088>} {128} { } {} {} {}
E {  127} {n} {n} {1} {0}
E {  129} {s} {s} {4} {0}
E {  139} {e} {e} {2} {0}

R {  129} {0} {<088>} {129} { } {} {} {}
E {  128} {n} {n} {1} {0}
E {  130} {s} {s} {4} {0}
E {  137} {e} {e} {2} {0}

R {  130} {0} {<088>} {130} { } {} {} {}
E {  129} {n} {n} {1} {0}
E {  131} {s} {s} {4} {0}
E {  133} {w} {w} {8} {0}
E {  135} {e} {e} {2} {0}

R {  131} {0} {<088>} {131} { } {} {} {}
E {  130} {n} {n} {1} {0}
E {  132} {w} {w} {8} {0}

R {  132} {0} {<088>} {132} { } {} {} {}
E {  131} {e} {e} {2} {0}

R {  133} {0} {<088>} {133} { } {} {} {}
E {  130} {e} {e} {2} {0}
E {  134} {w} {w} {8} {0}

R {  134} {0} {<088>} {134} { } {} {} {}
E {  133} {e} {e} {2} {0}

R {  135} {0} {<088>} {135} { } {} {} {}
E {  130} {w} {w} {8} {0}
E {  136} {e} {e} {2} {0}

R {  136} {0} {<088>} {136} { } {} {} {}
E {  135} {w} {w} {8} {0}

R {  137} {0} {<088>} {137} { } {} {} {}
E {  129} {w} {w} {8} {0}
E {  138} {e} {e} {2} {0}

R {  138} {0} {<088>} {138} { } {} {} {}
E {  137} {w} {w} {8} {0}

R {  139} {0} {<088>} {139} { } {} {} {}
E {  128} {w} {w} {8} {0}
E {  140} {e} {e} {2} {0}

R {  140} {0} {<088>} {140} { } {} {} {}
E {  139} {w} {w} {8} {0}

R {  141} {0} {<088>} {141} { } {} {} {}
E {  127} {w} {w} {8} {0}
E {  142} {e} {e} {2} {0}

R {  142} {0} {<088>} {142} { } {} {} {}
E {  141} {w} {w} {8} {0}

R {  143} {0} {<088>} {143} { } {} {} {}
E {  118} {n} {n} {1} {0}
E {  144} {s} {s} {4} {0}

R {  144} {0} {<088>} {144} { } {} {} {}
E {  143} {n} {n} {1} {0}

R {  145} {0} {} {145} { } {} {} {}
E {  115} {n} {n} {1} {0}
E {  146} {s} {s} {4} {0}

R {  146} {0} {} {146} { } {} {} {}
E {  145} {n} {n} {1} {0}

R {  147} {0} {} {147} { } {} {} {}
E {  116} {n} {n} {1} {0}
E {  148} {s} {s} {4} {0}

R {  148} {0} {} {148} { } {} {} {}
E {  147} {n} {n} {1} {0}

R {  149} {0} {} {149} { } {} {} {}
E {  117} {n} {n} {1} {0}
E {  150} {s} {s} {4} {0}

R {  150} {0} {} {150} { } {} {} {}
E {  149} {n} {n} {1} {0}

R {  151} {0} {<140>} {upto3} { } {} {} {}
E {  124} {u} {u} {16} {0}
E {  152} {w} {w} {8} {0}
E {  156} {e} {e} {2} {0}
E {  251} {d} {d} {32} {0}

R {  152} {0} {} {152} { } {} {} {}
E {  151} {e} {e} {2} {0}
E {  153} {n} {n} {1} {0}
E {  157} {w} {w} {8} {0}
E {  175} {s} {s} {4} {0}

R {  153} {0} {} {153} { } {} {} {}
E {  152} {s} {s} {4} {0}
E {  154} {e} {e} {2} {0}
E {  158} {w} {w} {8} {0}

R {  154} {0} {} {154} { } {} {} {}
E {  153} {w} {w} {8} {0}
E {  155} {e} {e} {2} {0}

R {  155} {0} {} {155} { } {} {} {}
E {  154} {w} {w} {8} {0}
E {  156} {s} {s} {4} {0}
E {  178} {e} {e} {2} {0}

R {  156} {0} {} {156} { } {} {} {}
E {  155} {n} {n} {1} {0}
E {  151} {w} {w} {8} {0}
E {  177} {s} {s} {4} {0}
E {  179} {e} {e} {2} {0}

R {  157} {0} {} {157} { } {} {} {}
E {  152} {e} {e} {2} {0}
E {  158} {n} {n} {1} {0}
E {  160} {w} {w} {8} {0}
E {  174} {s} {s} {4} {0}

R {  158} {0} {} {158} { } {} {} {}
E {  157} {s} {s} {4} {0}
E {  153} {e} {e} {2} {0}
E {  159} {w} {w} {8} {0}

R {  159} {0} {} {159} { } {} {} {}
E {  158} {e} {e} {2} {0}
E {  160} {s} {s} {4} {0}
E {  161} {w} {w} {8} {0}

R {  160} {0} {} {160} { } {} {} {}
E {  159} {n} {n} {1} {0}
E {  157} {e} {e} {2} {0}
E {  162} {w} {w} {8} {0}
E {  173} {s} {s} {4} {0}

R {  161} {0} {} {161} { } {} {} {}
E {  159} {e} {e} {2} {0}
E {  162} {s} {s} {4} {0}
E {  163} {w} {w} {8} {0}

R {  162} {0} {} {162} { } {} {} {}
E {  161} {n} {n} {1} {0}
E {  160} {e} {e} {2} {0}
E {  164} {w} {w} {8} {0}
E {  172} {s} {s} {4} {0}

R {  163} {0} {} {163} { } {} {} {}
E {  161} {e} {e} {2} {0}
E {  164} {s} {s} {4} {0}
E {  165} {w} {w} {8} {0}

R {  164} {0} {} {164} { } {} {} {}
E {  163} {n} {n} {1} {0}
E {  162} {e} {e} {2} {0}
E {  166} {w} {w} {8} {0}
E {  171} {s} {s} {4} {0}

R {  165} {0} {} {165} { } {} {} {}
E {  163} {e} {e} {2} {0}
E {  166} {s} {s} {4} {0}
E {  167} {w} {w} {8} {0}

R {  166} {0} {} {166} { } {} {} {}
E {  165} {n} {n} {1} {0}
E {  164} {e} {e} {2} {0}
E {  168} {w} {w} {8} {0}
E {  170} {s} {s} {4} {0}

R {  167} {0} {} {167} { } {} {} {}
E {  165} {e} {e} {2} {0}
E {  168} {s} {s} {4} {0}

R {  168} {0} {} {168} { } {} {} {}
E {  167} {n} {n} {1} {0}
E {  166} {e} {e} {2} {0}
E {  169} {s} {s} {4} {0}

R {  169} {0} {} {169} { } {} {} {}
E {  168} {n} {n} {1} {0}
E {  170} {e} {e} {2} {0}
E {  190} {s} {s} {4} {0}

R {  170} {0} {} {170} { } {} {} {}
E {  169} {w} {w} {8} {0}
E {  166} {n} {n} {1} {0}
E {  171} {e} {e} {2} {0}
E {  189} {s} {s} {4} {0}

R {  171} {0} {} {171} { } {} {} {}
E {  170} {w} {w} {8} {0}
E {  164} {n} {n} {1} {0}
E {  172} {e} {e} {2} {0}
E {  188} {s} {s} {4} {0}

R {  172} {0} {} {172} { } {} {} {}
E {  171} {w} {w} {8} {0}
E {  162} {n} {n} {1} {0}
E {  173} {e} {e} {2} {0}
E {  187} {s} {s} {4} {0}

R {  173} {0} {} {173} { } {} {} {}
E {  172} {w} {w} {8} {0}
E {  160} {n} {n} {1} {0}
E {  174} {e} {e} {2} {0}
E {  186} {s} {s} {4} {0}

R {  174} {0} {} {174} { } {} {} {}
E {  173} {w} {w} {8} {0}
E {  157} {n} {n} {1} {0}
E {  175} {e} {e} {2} {0}
E {  185} {s} {s} {4} {0}

R {  175} {0} {} {175} { } {} {} {}
E {  174} {w} {w} {8} {0}
E {  152} {n} {n} {1} {0}
E {  176} {e} {e} {2} {0}
E {  184} {s} {s} {4} {0}

R {  176} {0} {} {176} { } {} {} {}
E {  175} {w} {w} {8} {0}
E {  177} {e} {e} {2} {0}
E {  183} {s} {s} {4} {0}

R {  177} {0} {} {177} { } {} {} {}
E {  176} {w} {w} {8} {0}
E {  156} {n} {n} {1} {0}
E {  180} {e} {e} {2} {0}
E {  182} {s} {s} {4} {0}

R {  178} {0} {} {178} { } {} {} {}
E {  155} {w} {w} {8} {0}
E {  179} {s} {s} {4} {0}

R {  179} {0} {} {179} { } {} {} {}
E {  178} {n} {n} {1} {0}
E {  156} {w} {w} {8} {0}
E {  180} {s} {s} {4} {0}

R {  180} {0} {} {180} { } {} {} {}
E {  179} {n} {n} {1} {0}
E {  177} {w} {w} {8} {0}
E {  181} {s} {s} {4} {0}

R {  181} {0} {} {181} { } {} {} {}
E {  180} {n} {n} {1} {0}
E {  182} {w} {w} {8} {0}
E {  200} {s} {s} {4} {0}

R {  182} {0} {} {182} { } {} {} {}
E {  181} {e} {e} {2} {0}
E {  177} {n} {n} {1} {0}
E {  183} {w} {w} {8} {0}
E {  199} {s} {s} {4} {0}

R {  183} {0} {} {183} { } {} {} {}
E {  182} {e} {e} {2} {0}
E {  176} {n} {n} {1} {0}
E {  184} {w} {w} {8} {0}
E {  198} {s} {s} {4} {0}

R {  184} {0} {} {184} { } {} {} {}
E {  183} {e} {e} {2} {0}
E {  175} {n} {n} {1} {0}
E {  185} {w} {w} {8} {0}
E {  197} {s} {s} {4} {0}

R {  185} {0} {} {185} { } {} {} {}
E {  184} {e} {e} {2} {0}
E {  174} {n} {n} {1} {0}
E {  186} {w} {w} {8} {0}
E {  196} {s} {s} {4} {0}

R {  186} {0} {} {186} { } {} {} {}
E {  185} {e} {e} {2} {0}
E {  173} {n} {n} {1} {0}
E {  187} {w} {w} {8} {0}
E {  195} {s} {s} {4} {0}

R {  187} {0} {} {187} { } {} {} {}
E {  186} {e} {e} {2} {0}
E {  172} {n} {n} {1} {0}
E {  188} {w} {w} {8} {0}
E {  194} {s} {s} {4} {0}

R {  188} {0} {} {188} { } {} {} {}
E {  187} {e} {e} {2} {0}
E {  171} {n} {n} {1} {0}
E {  189} {w} {w} {8} {0}
E {  193} {s} {s} {4} {0}

R {  189} {0} {} {189} { } {} {} {}
E {  188} {e} {e} {2} {0}
E {  170} {n} {n} {1} {0}
E {  190} {w} {w} {8} {0}
E {  192} {s} {s} {4} {0}

R {  190} {0} {} {190} { } {} {} {}
E {  189} {e} {e} {2} {0}
E {  169} {n} {n} {1} {0}
E {  191} {s} {s} {4} {0}

R {  191} {0} {} {191} { } {} {} {}
E {  190} {n} {n} {1} {0}
E {  192} {e} {e} {2} {0}
E {  210} {s} {s} {4} {0}

R {  192} {0} {} {192} { } {} {} {}
E {  191} {w} {w} {8} {0}
E {  189} {n} {n} {1} {0}
E {  193} {e} {e} {2} {0}
E {  209} {s} {s} {4} {0}

R {  193} {0} {} {193} { } {} {} {}
E {  192} {w} {w} {8} {0}
E {  188} {n} {n} {1} {0}
E {  194} {e} {e} {2} {0}
E {  208} {s} {s} {4} {0}

R {  194} {0} {} {194} { } {} {} {}
E {  193} {w} {w} {8} {0}
E {  187} {n} {n} {1} {0}
E {  195} {e} {e} {2} {0}
E {  207} {s} {s} {4} {0}

R {  195} {0} {} {195} { } {} {} {}
E {  194} {w} {w} {8} {0}
E {  186} {n} {n} {1} {0}
E {  196} {e} {e} {2} {0}
E {  206} {s} {s} {4} {0}

R {  196} {0} {} {196} { } {} {} {}
E {  195} {w} {w} {8} {0}
E {  185} {n} {n} {1} {0}
E {  197} {e} {e} {2} {0}
E {  205} {s} {s} {4} {0}

R {  197} {0} {} {197} { } {} {} {}
E {  196} {w} {w} {8} {0}
E {  184} {n} {n} {1} {0}
E {  198} {e} {e} {2} {0}
E {  204} {s} {s} {4} {0}

R {  198} {0} {} {198} { } {} {} {}
E {  197} {w} {w} {8} {0}
E {  183} {n} {n} {1} {0}
E {  199} {e} {e} {2} {0}
E {  203} {s} {s} {4} {0}

R {  199} {0} {} {199} { } {} {} {}
E {  198} {w} {w} {8} {0}
E {  182} {n} {n} {1} {0}
E {  200} {e} {e} {2} {0}
E {  202} {s} {s} {4} {0}

R {  200} {0} {} {200} { } {} {} {}
E {  199} {w} {w} {8} {0}
E {  181} {n} {n} {1} {0}
E {  201} {s} {s} {4} {0}

R {  201} {0} {} {201} { } {} {} {}
E {  200} {n} {n} {1} {0}
E {  202} {w} {w} {8} {0}
E {  220} {s} {s} {4} {0}

R {  202} {0} {} {202} { } {} {} {}
E {  201} {e} {e} {2} {0}
E {  199} {n} {n} {1} {0}
E {  203} {w} {w} {8} {0}
E {  219} {s} {s} {4} {0}

R {  203} {0} {} {203} { } {} {} {}
E {  202} {e} {e} {2} {0}
E {  198} {n} {n} {1} {0}
E {  204} {w} {w} {8} {0}
E {  218} {s} {s} {4} {0}

R {  204} {0} {} {204} { } {} {} {}
E {  203} {e} {e} {2} {0}
E {  197} {n} {n} {1} {0}
E {  205} {w} {w} {8} {0}
E {  217} {s} {s} {4} {0}

R {  205} {0} {} {205} { } {} {} {}
E {  204} {e} {e} {2} {0}
E {  196} {n} {n} {1} {0}
E {  206} {w} {w} {8} {0}
E {  216} {s} {s} {4} {0}

R {  206} {0} {} {206} { } {} {} {}
E {  205} {e} {e} {2} {0}
E {  195} {n} {n} {1} {0}
E {  207} {w} {w} {8} {0}
E {  215} {s} {s} {4} {0}

R {  207} {0} {} {207} { } {} {} {}
E {  206} {e} {e} {2} {0}
E {  194} {n} {n} {1} {0}
E {  208} {w} {w} {8} {0}
E {  214} {s} {s} {4} {0}

R {  208} {0} {} {208} { } {} {} {}
E {  207} {e} {e} {2} {0}
E {  193} {n} {n} {1} {0}
E {  209} {w} {w} {8} {0}
E {  213} {s} {s} {4} {0}

R {  209} {0} {} {209} { } {} {} {}
E {  208} {e} {e} {2} {0}
E {  192} {n} {n} {1} {0}
E {  210} {w} {w} {8} {0}
E {  212} {s} {s} {4} {0}

R {  210} {0} {} {210} { } {} {} {}
E {  209} {e} {e} {2} {0}
E {  191} {n} {n} {1} {0}
E {  211} {s} {s} {4} {0}

R {  211} {0} {} {211} { } {} {} {}
E {  210} {n} {n} {1} {0}
E {  212} {e} {e} {2} {0}
E {  230} {s} {s} {4} {0}

R {  212} {0} {} {212} { } {} {} {}
E {  211} {w} {w} {8} {0}
E {  209} {n} {n} {1} {0}
E {  213} {e} {e} {2} {0}
E {  229} {s} {s} {4} {0}

R {  213} {0} {} {213} { } {} {} {}
E {  212} {w} {w} {8} {0}
E {  208} {n} {n} {1} {0}
E {  214} {e} {e} {2} {0}
E {  228} {s} {s} {4} {0}

R {  214} {0} {} {214} { } {} {} {}
E {  213} {w} {w} {8} {0}
E {  207} {n} {n} {1} {0}
E {  215} {e} {e} {2} {0}
E {  227} {s} {s} {4} {0}

R {  215} {0} {} {215} { } {} {} {}
E {  214} {w} {w} {8} {0}
E {  206} {n} {n} {1} {0}
E {  216} {e} {e} {2} {0}
E {  226} {s} {s} {4} {0}

R {  216} {0} {} {216} { } {} {} {}
E {  215} {w} {w} {8} {0}
E {  205} {n} {n} {1} {0}
E {  217} {e} {e} {2} {0}
E {  225} {s} {s} {4} {0}

R {  217} {0} {} {217} { } {} {} {}
E {  216} {w} {w} {8} {0}
E {  204} {n} {n} {1} {0}
E {  218} {e} {e} {2} {0}
E {  224} {s} {s} {4} {0}

R {  218} {0} {} {218} { } {} {} {}
E {  217} {w} {w} {8} {0}
E {  203} {n} {n} {1} {0}
E {  219} {e} {e} {2} {0}
E {  223} {s} {s} {4} {0}

R {  219} {0} {} {219} { } {} {} {}
E {  218} {w} {w} {8} {0}
E {  202} {n} {n} {1} {0}
E {  220} {e} {e} {2} {0}
E {  222} {s} {s} {4} {0}

R {  220} {0} {} {220} { } {} {} {}
E {  219} {w} {w} {8} {0}
E {  201} {n} {n} {1} {0}
E {  221} {s} {s} {4} {0}

R {  221} {0} {} {221} { } {} {} {}
E {  220} {n} {n} {1} {0}
E {  222} {w} {w} {8} {0}
E {  240} {s} {s} {4} {0}

R {  222} {0} {} {222} { } {} {} {}
E {  221} {e} {e} {2} {0}
E {  219} {n} {n} {1} {0}
E {  223} {w} {w} {8} {0}
E {  239} {s} {s} {4} {0}

R {  223} {0} {} {223} { } {} {} {}
E {  222} {e} {e} {2} {0}
E {  218} {n} {n} {1} {0}
E {  224} {w} {w} {8} {0}
E {  238} {s} {s} {4} {0}

R {  224} {0} {} {224} { } {} {} {}
E {  223} {e} {e} {2} {0}
E {  217} {n} {n} {1} {0}
E {  225} {w} {w} {8} {0}
E {  237} {s} {s} {4} {0}

R {  225} {0} {} {225} { } {} {} {}
E {  224} {e} {e} {2} {0}
E {  216} {n} {n} {1} {0}
E {  226} {w} {w} {8} {0}
E {  236} {s} {s} {4} {0}

R {  226} {0} {} {226} { } {} {} {}
E {  225} {e} {e} {2} {0}
E {  215} {n} {n} {1} {0}
E {  227} {w} {w} {8} {0}
E {  235} {s} {s} {4} {0}

R {  227} {0} {} {227} { } {} {} {}
E {  226} {e} {e} {2} {0}
E {  214} {n} {n} {1} {0}
E {  228} {w} {w} {8} {0}
E {  234} {s} {s} {4} {0}

R {  228} {0} {} {228} { } {} {} {}
E {  227} {e} {e} {2} {0}
E {  213} {n} {n} {1} {0}
E {  229} {w} {w} {8} {0}
E {  233} {s} {s} {4} {0}

R {  229} {0} {} {229} { } {} {} {}
E {  228} {e} {e} {2} {0}
E {  212} {n} {n} {1} {0}
E {  230} {w} {w} {8} {0}
E {  232} {s} {s} {4} {0}

R {  230} {0} {} {230} { } {} {} {}
E {  229} {e} {e} {2} {0}
E {  211} {n} {n} {1} {0}
E {  231} {s} {s} {4} {0}

R {  231} {0} {} {231} { } {} {} {}
E {  230} {n} {n} {1} {0}
E {  232} {e} {e} {2} {0}
E {  250} {s} {s} {4} {0}

R {  232} {0} {} {232} { } {} {} {}
E {  231} {w} {w} {8} {0}
E {  229} {n} {n} {1} {0}
E {  233} {e} {e} {2} {0}
E {  249} {s} {s} {4} {0}

R {  233} {0} {} {233} { } {} {} {}
E {  232} {w} {w} {8} {0}
E {  228} {n} {n} {1} {0}
E {  234} {e} {e} {2} {0}
E {  248} {s} {s} {4} {0}

R {  234} {0} {} {234} { } {} {} {}
E {  233} {w} {w} {8} {0}
E {  227} {n} {n} {1} {0}
E {  235} {e} {e} {2} {0}
E {  247} {s} {s} {4} {0}

R {  235} {0} {} {235} { } {} {} {}
E {  234} {w} {w} {8} {0}
E {  226} {n} {n} {1} {0}
E {  236} {e} {e} {2} {0}
E {  246} {s} {s} {4} {0}

R {  236} {0} {} {236} { } {} {} {}
E {  235} {w} {w} {8} {0}
E {  225} {n} {n} {1} {0}
E {  237} {e} {e} {2} {0}
E {  245} {s} {s} {4} {0}

R {  237} {0} {} {237} { } {} {} {}
E {  236} {w} {w} {8} {0}
E {  224} {n} {n} {1} {0}
E {  238} {e} {e} {2} {0}
E {  244} {s} {s} {4} {0}

R {  238} {0} {} {238} { } {} {} {}
E {  237} {w} {w} {8} {0}
E {  223} {n} {n} {1} {0}
E {  239} {e} {e} {2} {0}
E {  243} {s} {s} {4} {0}

R {  239} {0} {} {239} { } {} {} {}
E {  238} {w} {w} {8} {0}
E {  222} {n} {n} {1} {0}
E {  240} {e} {e} {2} {0}
E {  242} {s} {s} {4} {0}

R {  240} {0} {} {240} { } {} {} {}
E {  239} {w} {w} {8} {0}
E {  221} {n} {n} {1} {0}
E {  241} {s} {s} {4} {0}

R {  241} {0} {} {241} { } {} {} {}
E {  240} {n} {n} {1} {0}
E {  242} {w} {w} {8} {0}

R {  242} {0} {} {242} { } {} {} {}
E {  241} {e} {e} {2} {0}
E {  239} {n} {n} {1} {0}
E {  243} {w} {w} {8} {0}

R {  243} {0} {} {243} { } {} {} {}
E {  242} {e} {e} {2} {0}
E {  238} {n} {n} {1} {0}
E {  244} {w} {w} {8} {0}

R {  244} {0} {} {244} { } {} {} {}
E {  243} {e} {e} {2} {0}
E {  237} {n} {n} {1} {0}
E {  245} {w} {w} {8} {0}

R {  245} {0} {} {245} { } {} {} {}
E {  244} {e} {e} {2} {0}
E {  236} {n} {n} {1} {0}
E {  246} {w} {w} {8} {0}

R {  246} {0} {} {246} { } {} {} {}
E {  245} {e} {e} {2} {0}
E {  235} {n} {n} {1} {0}
E {  247} {w} {w} {8} {0}

R {  247} {0} {} {247} { } {} {} {}
E {  246} {e} {e} {2} {0}
E {  234} {n} {n} {1} {0}
E {  248} {w} {w} {8} {0}

R {  248} {0} {} {248} { } {} {} {}
E {  247} {e} {e} {2} {0}
E {  233} {n} {n} {1} {0}
E {  249} {w} {w} {8} {0}

R {  249} {0} {} {249} { } {} {} {}
E {  248} {e} {e} {2} {0}
E {  232} {n} {n} {1} {0}
E {  250} {w} {w} {8} {0}

R {  250} {0} {} {250} { } {} {} {}
E {  249} {e} {e} {2} {0}
E {  231} {n} {n} {1} {0}

R {  251} {0} {<140>} {upto4} { } {} {} {}
E {  151} {u} {u} {16} {0}
E {  252} {w} {w} {8} {0}
E {  256} {e} {e} {2} {0}
E {  347} {d} {d} {32} {0}

R {  252} {0} {} {252} { } {} {} {}
E {  251} {e} {e} {2} {0}
E {  253} {n} {n} {1} {0}
E {  260} {w} {w} {8} {0}
E {  277} {s} {s} {4} {0}

R {  253} {0} {} {253} { } {} {} {}
E {  252} {s} {s} {4} {0}
E {  254} {e} {e} {2} {0}
E {  259} {w} {w} {8} {0}

R {  254} {0} {} {254} { } {} {} {}
E {  253} {w} {w} {8} {0}
E {  255} {e} {e} {2} {0}

R {  255} {0} {} {255} { } {} {} {}
E {  254} {w} {w} {8} {0}
E {  256} {s} {s} {4} {0}
E {  257} {e} {e} {2} {0}

R {  256} {0} {} {256} { } {} {} {}
E {  255} {n} {n} {1} {0}
E {  251} {w} {w} {8} {0}
E {  258} {e} {e} {2} {0}
E {  279} {s} {s} {4} {0}

R {  257} {0} {} {257} { } {} {} {}
E {  255} {w} {w} {8} {0}
E {  258} {s} {s} {4} {0}

R {  258} {0} {} {258} { } {} {} {}
E {  257} {n} {n} {1} {0}
E {  256} {w} {w} {8} {0}
E {  280} {s} {s} {4} {0}

R {  259} {0} {} {259} { } {} {} {}
E {  253} {e} {e} {2} {0}
E {  260} {s} {s} {4} {0}
E {  261} {w} {w} {8} {0}

R {  260} {0} {} {260} { } {} {} {}
E {  259} {n} {n} {1} {0}
E {  252} {e} {e} {2} {0}
E {  262} {w} {w} {8} {0}
E {  276} {s} {s} {4} {0}

R {  261} {0} {} {261} { } {} {} {}
E {  259} {e} {e} {2} {0}
E {  262} {s} {s} {4} {0}
E {  263} {w} {w} {8} {0}

R {  262} {0} {} {262} { } {} {} {}
E {  261} {n} {n} {1} {0}
E {  260} {e} {e} {2} {0}
E {  264} {w} {w} {8} {0}
E {  275} {s} {s} {4} {0}

R {  263} {0} {} {263} { } {} {} {}
E {  261} {e} {e} {2} {0}
E {  264} {s} {s} {4} {0}
E {  265} {w} {w} {8} {0}

R {  264} {0} {} {264} { } {} {} {}
E {  263} {n} {n} {1} {0}
E {  262} {e} {e} {2} {0}
E {  266} {w} {w} {8} {0}
E {  274} {s} {s} {4} {0}

R {  265} {0} {} {265} { } {} {} {}
E {  263} {e} {e} {2} {0}
E {  266} {s} {s} {4} {0}
E {  267} {w} {w} {8} {0}

R {  266} {0} {} {266} { } {} {} {}
E {  265} {n} {n} {1} {0}
E {  264} {e} {e} {2} {0}
E {  268} {w} {w} {8} {0}
E {  273} {s} {s} {4} {0}

R {  267} {0} {} {267} { } {} {} {}
E {  265} {e} {e} {2} {0}
E {  268} {s} {s} {4} {0}
E {  269} {w} {w} {8} {0}

R {  268} {0} {} {268} { } {} {} {}
E {  267} {n} {n} {1} {0}
E {  266} {e} {e} {2} {0}
E {  270} {w} {w} {8} {0}
E {  272} {s} {s} {4} {0}

R {  269} {0} {} {269} { } {} {} {}
E {  267} {e} {e} {2} {0}
E {  270} {s} {s} {4} {0}

R {  270} {0} {} {270} { } {} {} {}
E {  269} {n} {n} {1} {0}
E {  268} {e} {e} {2} {0}
E {  271} {s} {s} {4} {0}

R {  271} {0} {} {271} { } {} {} {}
E {  270} {n} {n} {1} {0}
E {  272} {e} {e} {2} {0}
E {  290} {s} {s} {4} {0}

R {  272} {0} {} {272} { } {} {} {}
E {  271} {w} {w} {8} {0}
E {  268} {n} {n} {1} {0}
E {  273} {e} {e} {2} {0}
E {  289} {s} {s} {4} {0}

R {  273} {0} {} {273} { } {} {} {}
E {  272} {w} {w} {8} {0}
E {  266} {n} {n} {1} {0}
E {  274} {e} {e} {2} {0}
E {  288} {s} {s} {4} {0}

R {  274} {0} {} {274} { } {} {} {}
E {  273} {w} {w} {8} {0}
E {  264} {n} {n} {1} {0}
E {  275} {e} {e} {2} {0}
E {  287} {s} {s} {4} {0}

R {  275} {0} {} {275} { } {} {} {}
E {  274} {w} {w} {8} {0}
E {  262} {n} {n} {1} {0}
E {  276} {e} {e} {2} {0}
E {  286} {s} {s} {4} {0}

R {  276} {0} {} {276} { } {} {} {}
E {  275} {w} {w} {8} {0}
E {  260} {n} {n} {1} {0}
E {  277} {e} {e} {2} {0}
E {  285} {s} {s} {4} {0}

R {  277} {0} {} {277} { } {} {} {}
E {  276} {w} {w} {8} {0}
E {  252} {n} {n} {1} {0}
E {  278} {e} {e} {2} {0}
E {  284} {s} {s} {4} {0}

R {  278} {0} {} {278} { } {} {} {}
E {  277} {w} {w} {8} {0}
E {  279} {e} {e} {2} {0}
E {  283} {s} {s} {4} {0}

R {  279} {0} {} {279} { } {} {} {}
E {  278} {w} {w} {8} {0}
E {  256} {n} {n} {1} {0}
E {  280} {e} {e} {2} {0}
E {  282} {s} {s} {4} {0}

R {  280} {0} {} {280} { } {} {} {}
E {  279} {w} {w} {8} {0}
E {  258} {n} {n} {1} {0}
E {  281} {s} {s} {4} {0}

R {  281} {0} {} {281} { } {} {} {}
E {  280} {n} {n} {1} {0}
E {  282} {w} {w} {8} {0}
E {  300} {s} {s} {4} {0}

R {  282} {0} {} {282} { } {} {} {}
E {  281} {e} {e} {2} {0}
E {  279} {n} {n} {1} {0}
E {  283} {w} {w} {8} {0}
E {  299} {s} {s} {4} {0}

R {  283} {0} {} {283} { } {} {} {}
E {  282} {e} {e} {2} {0}
E {  278} {n} {n} {1} {0}
E {  284} {w} {w} {8} {0}
E {  298} {s} {s} {4} {0}

R {  284} {0} {} {284} { } {} {} {}
E {  283} {e} {e} {2} {0}
E {  277} {n} {n} {1} {0}
E {  285} {w} {w} {8} {0}
E {  297} {s} {s} {4} {0}

R {  285} {0} {} {285} { } {} {} {}
E {  284} {e} {e} {2} {0}
E {  276} {n} {n} {1} {0}
E {  286} {w} {w} {8} {0}
E {  296} {s} {s} {4} {0}

R {  286} {0} {} {286} { } {} {} {}
E {  285} {e} {e} {2} {0}
E {  275} {n} {n} {1} {0}
E {  287} {w} {w} {8} {0}
E {  295} {s} {s} {4} {0}

R {  287} {0} {} {287} { } {} {} {}
E {  286} {e} {e} {2} {0}
E {  274} {n} {n} {1} {0}
E {  288} {w} {w} {8} {0}
E {  294} {s} {s} {4} {0}

R {  288} {0} {} {288} { } {} {} {}
E {  287} {e} {e} {2} {0}
E {  273} {n} {n} {1} {0}
E {  289} {w} {w} {8} {0}
E {  293} {s} {s} {4} {0}

R {  289} {0} {} {289} { } {} {} {}
E {  288} {e} {e} {2} {0}
E {  272} {n} {n} {1} {0}
E {  290} {w} {w} {8} {0}
E {  292} {s} {s} {4} {0}

R {  290} {0} {} {290} { } {} {} {}
E {  289} {e} {e} {2} {0}
E {  271} {n} {n} {1} {0}
E {  291} {s} {s} {4} {0}

R {  291} {0} {} {291} { } {} {} {}
E {  290} {n} {n} {1} {0}
E {  292} {e} {e} {2} {0}
E {  310} {s} {s} {4} {0}

R {  292} {0} {} {292} { } {} {} {}
E {  291} {w} {w} {8} {0}
E {  289} {n} {n} {1} {0}
E {  293} {e} {e} {2} {0}
E {  309} {s} {s} {4} {0}

R {  293} {0} {} {293} { } {} {} {}
E {  292} {w} {w} {8} {0}
E {  288} {n} {n} {1} {0}
E {  294} {e} {e} {2} {0}
E {  308} {s} {s} {4} {0}

R {  294} {0} {} {294} { } {} {} {}
E {  293} {w} {w} {8} {0}
E {  287} {n} {n} {1} {0}
E {  295} {e} {e} {2} {0}
E {  307} {s} {s} {4} {0}

R {  295} {0} {} {295} { } {} {} {}
E {  294} {w} {w} {8} {0}
E {  286} {n} {n} {1} {0}
E {  296} {e} {e} {2} {0}
E {  306} {s} {s} {4} {0}

R {  296} {0} {} {296} { } {} {} {}
E {  295} {w} {w} {8} {0}
E {  285} {n} {n} {1} {0}
E {  297} {e} {e} {2} {0}
E {  305} {s} {s} {4} {0}

R {  297} {0} {} {297} { } {} {} {}
E {  296} {w} {w} {8} {0}
E {  284} {n} {n} {1} {0}
E {  298} {e} {e} {2} {0}
E {  304} {s} {s} {4} {0}

R {  298} {0} {} {298} { } {} {} {}
E {  297} {w} {w} {8} {0}
E {  283} {n} {n} {1} {0}
E {  299} {e} {e} {2} {0}
E {  303} {s} {s} {4} {0}

R {  299} {0} {} {299} { } {} {} {}
E {  298} {w} {w} {8} {0}
E {  282} {n} {n} {1} {0}
E {  300} {e} {e} {2} {0}
E {  302} {s} {s} {4} {0}

R {  300} {0} {} {300} { } {} {} {}
E {  299} {w} {w} {8} {0}
E {  281} {n} {n} {1} {0}
E {  301} {s} {s} {4} {0}

R {  301} {0} {} {301} { } {} {} {}
E {  300} {n} {n} {1} {0}
E {  302} {w} {w} {8} {0}
E {  346} {s} {s} {4} {0}

R {  302} {0} {} {302} { } {} {} {}
E {  301} {e} {e} {2} {0}
E {  299} {n} {n} {1} {0}
E {  303} {w} {w} {8} {0}
E {  339} {s} {s} {4} {0}

R {  303} {0} {} {303} { } {} {} {}
E {  302} {e} {e} {2} {0}
E {  298} {n} {n} {1} {0}
E {  304} {w} {w} {8} {0}
E {  338} {s} {s} {4} {0}

R {  304} {0} {} {304} { } {} {} {}
E {  303} {e} {e} {2} {0}
E {  297} {n} {n} {1} {0}
E {  305} {w} {w} {8} {0}
E {  331} {s} {s} {4} {0}

R {  305} {0} {} {305} { } {} {} {}
E {  304} {e} {e} {2} {0}
E {  296} {n} {n} {1} {0}
E {  306} {w} {w} {8} {0}
E {  330} {s} {s} {4} {0}

R {  306} {0} {} {306} { } {} {} {}
E {  305} {e} {e} {2} {0}
E {  295} {n} {n} {1} {0}
E {  307} {w} {w} {8} {0}
E {  323} {s} {s} {4} {0}

R {  307} {0} {} {307} { } {} {} {}
E {  306} {e} {e} {2} {0}
E {  294} {n} {n} {1} {0}
E {  308} {w} {w} {8} {0}
E {  322} {s} {s} {4} {0}

R {  308} {0} {} {308} { } {} {} {}
E {  307} {e} {e} {2} {0}
E {  293} {n} {n} {1} {0}
E {  309} {w} {w} {8} {0}
E {  318} {s} {s} {4} {0}

R {  309} {0} {} {309} { } {} {} {}
E {  308} {e} {e} {2} {0}
E {  292} {n} {n} {1} {0}
E {  310} {w} {w} {8} {0}
E {  311} {s} {s} {4} {0}

R {  310} {0} {} {310} { } {} {} {}
E {  309} {e} {e} {2} {0}
E {  291} {n} {n} {1} {0}

R {  311} {0} {} {311} { } {} {} {}
E {  309} {n} {n} {1} {0}
E {  312} {s} {s} {4} {0}
E {  318} {e} {e} {2} {0}

R {  312} {0} {} {312} { } {} {} {}
E {  311} {n} {n} {1} {0}
E {  313} {s} {s} {4} {0}
E {  317} {e} {e} {2} {0}

R {  313} {0} {} {313} { } {} {} {}
E {  312} {n} {n} {1} {0}
E {  314} {s} {s} {4} {0}
E {  316} {e} {e} {2} {0}

R {  314} {0} {} {314} { } {} {} {}
E {  313} {n} {n} {1} {0}
E {  315} {e} {e} {2} {0}

R {  315} {0} {} {315} { } {} {} {}
E {  314} {w} {w} {8} {0}
E {  316} {n} {n} {1} {0}
E {  319} {e} {e} {2} {0}

R {  316} {0} {} {316} { } {} {} {}
E {  315} {s} {s} {4} {0}
E {  317} {n} {n} {1} {0}
E {  313} {w} {w} {8} {0}
E {  320} {e} {e} {2} {0}

R {  317} {0} {} {317} { } {} {} {}
E {  316} {s} {s} {4} {0}
E {  318} {n} {n} {1} {0}
E {  312} {w} {w} {8} {0}
E {  321} {e} {e} {2} {0}

R {  318} {0} {} {318} { } {} {} {}
E {  317} {s} {s} {4} {0}
E {  308} {n} {n} {1} {0}
E {  311} {w} {w} {8} {0}
E {  322} {e} {e} {2} {0}

R {  319} {0} {} {319} { } {} {} {}
E {  315} {w} {w} {8} {0}
E {  320} {n} {n} {1} {0}
E {  326} {e} {e} {2} {0}

R {  320} {0} {} {320} { } {} {} {}
E {  319} {s} {s} {4} {0}
E {  321} {n} {n} {1} {0}
E {  325} {e} {e} {2} {0}
E {  316} {w} {w} {8} {0}

R {  321} {0} {} {321} { } {} {} {}
E {  320} {s} {s} {4} {0}
E {  322} {n} {n} {1} {0}
E {  317} {w} {w} {8} {0}
E {  324} {e} {e} {2} {0}

R {  322} {0} {} {322} { } {} {} {}
E {  321} {s} {s} {4} {0}
E {  307} {n} {n} {1} {0}
E {  323} {e} {e} {2} {0}
E {  318} {w} {w} {8} {0}

R {  323} {0} {} {323} { } {} {} {}
E {  306} {n} {n} {1} {0}
E {  324} {s} {s} {4} {0}
E {  330} {e} {e} {2} {0}
E {  322} {w} {w} {8} {0}

R {  324} {0} {} {324} { } {} {} {}
E {  323} {n} {n} {1} {0}
E {  325} {s} {s} {4} {0}
E {  321} {w} {w} {8} {0}
E {  329} {e} {e} {2} {0}

R {  325} {0} {} {325} { } {} {} {}
E {  324} {n} {n} {1} {0}
E {  326} {s} {s} {4} {0}
E {  328} {e} {e} {2} {0}
E {  320} {w} {w} {8} {0}

R {  326} {0} {} {326} { } {} {} {}
E {  325} {n} {n} {1} {0}
E {  327} {e} {e} {2} {0}
E {  319} {w} {w} {8} {0}

R {  327} {0} {} {327} { } {} {} {}
E {  326} {w} {w} {8} {0}
E {  328} {n} {n} {1} {0}
E {  334} {e} {e} {2} {0}

R {  328} {0} {} {328} { } {} {} {}
E {  327} {s} {s} {4} {0}
E {  329} {n} {n} {1} {0}
E {  333} {e} {e} {2} {0}
E {  325} {w} {w} {8} {0}

R {  329} {0} {} {329} { } {} {} {}
E {  328} {s} {s} {4} {0}
E {  330} {n} {n} {1} {0}
E {  324} {w} {w} {8} {0}
E {  332} {e} {e} {2} {0}

R {  330} {0} {} {330} { } {} {} {}
E {  329} {s} {s} {4} {0}
E {  305} {n} {n} {1} {0}
E {  331} {e} {e} {2} {0}
E {  323} {w} {w} {8} {0}

R {  331} {0} {} {331} { } {} {} {}
E {  304} {n} {n} {1} {0}
E {  332} {s} {s} {4} {0}
E {  338} {e} {e} {2} {0}
E {  330} {w} {w} {8} {0}

R {  332} {0} {} {332} { } {} {} {}
E {  331} {n} {n} {1} {0}
E {  333} {s} {s} {4} {0}
E {  329} {w} {w} {8} {0}
E {  337} {e} {e} {2} {0}

R {  333} {0} {} {333} { } {} {} {}
E {  332} {n} {n} {1} {0}
E {  334} {s} {s} {4} {0}
E {  336} {e} {e} {2} {0}
E {  328} {w} {w} {8} {0}

R {  334} {0} {} {334} { } {} {} {}
E {  333} {n} {n} {1} {0}
E {  335} {e} {e} {2} {0}
E {  327} {w} {w} {8} {0}

R {  335} {0} {} {335} { } {} {} {}
E {  334} {w} {w} {8} {0}
E {  336} {n} {n} {1} {0}
E {  342} {e} {e} {2} {0}

R {  336} {0} {} {336} { } {} {} {}
E {  335} {s} {s} {4} {0}
E {  337} {n} {n} {1} {0}
E {  341} {e} {e} {2} {0}
E {  333} {w} {w} {8} {0}

R {  337} {0} {} {337} { } {} {} {}
E {  336} {s} {s} {4} {0}
E {  338} {n} {n} {1} {0}
E {  332} {w} {w} {8} {0}
E {  340} {e} {e} {2} {0}

R {  338} {0} {} {338} { } {} {} {}
E {  337} {s} {s} {4} {0}
E {  303} {n} {n} {1} {0}
E {  339} {e} {e} {2} {0}
E {  331} {w} {w} {8} {0}

R {  339} {0} {} {339} { } {} {} {}
E {  302} {n} {n} {1} {0}
E {  340} {s} {s} {4} {0}
E {  346} {e} {e} {2} {0}
E {  338} {w} {w} {8} {0}

R {  340} {0} {} {340} { } {} {} {}
E {  339} {n} {n} {1} {0}
E {  341} {s} {s} {4} {0}
E {  337} {w} {w} {8} {0}
E {  345} {e} {e} {2} {0}

R {  341} {0} {} {341} { } {} {} {}
E {  340} {n} {n} {1} {0}
E {  342} {s} {s} {4} {0}
E {  344} {e} {e} {2} {0}
E {  336} {w} {w} {8} {0}

R {  342} {0} {} {342} { } {} {} {}
E {  341} {n} {n} {1} {0}
E {  343} {e} {e} {2} {0}
E {  335} {w} {w} {8} {0}

R {  343} {0} {} {343} { } {} {} {}
E {  342} {w} {w} {8} {0}
E {  344} {n} {n} {1} {0}

R {  344} {0} {} {344} { } {} {} {}
E {  343} {s} {s} {4} {0}
E {  345} {n} {n} {1} {0}
E {  341} {w} {w} {8} {0}

R {  345} {0} {} {345} { } {} {} {}
E {  344} {s} {s} {4} {0}
E {  346} {n} {n} {1} {0}
E {  340} {w} {w} {8} {0}

R {  346} {0} {} {346} { } {} {} {}
E {  345} {s} {s} {4} {0}
E {  301} {n} {n} {1} {0}
E {  339} {w} {w} {8} {0}

R {  347} {0} {<140>} {upto5} { } {} {} {}
E {  251} {u} {u} {16} {0}
E {  348} {w} {w} {8} {0}
E {  352} {e} {e} {2} {0}
E {  450} {d} {d} {32} {0}

R {  348} {0} {} {348} { } {} {} {}
E {  347} {e} {e} {2} {0}
E {  349} {n} {n} {1} {0}
E {  366} {w} {w} {8} {0}
E {  370} {s} {s} {4} {0}

R {  349} {0} {} {349} { } {} {} {}
E {  348} {s} {s} {4} {0}
E {  350} {e} {e} {2} {0}
E {  355} {w} {w} {8} {0}

R {  350} {0} {} {350} { } {} {} {}
E {  349} {w} {w} {8} {0}
E {  351} {e} {e} {2} {0}

R {  351} {0} {} {351} { } {} {} {}
E {  350} {w} {w} {8} {0}
E {  352} {s} {s} {4} {0}
E {  354} {e} {e} {2} {0}

R {  352} {0} {} {352} { } {} {} {}
E {  351} {n} {n} {1} {0}
E {  347} {w} {w} {8} {0}
E {  353} {e} {e} {2} {0}
E {  368} {s} {s} {4} {0}

R {  353} {0} {} {353} { } {} {} {}
E {  352} {w} {w} {8} {0}
E {  354} {n} {n} {1} {0}
E {  367} {s} {s} {4} {0}

R {  354} {0} {} {354} { } {} {} {}
E {  353} {s} {s} {4} {0}
E {  351} {w} {w} {8} {0}

R {  355} {0} {} {355} { } {} {} {}
E {  349} {e} {e} {2} {0}
E {  356} {w} {w} {8} {0}
E {  366} {s} {s} {4} {0}

R {  356} {0} {} {356} { } {} {} {}
E {  355} {e} {e} {2} {0}
E {  357} {w} {w} {8} {0}
E {  365} {s} {s} {4} {0}

R {  357} {0} {} {357} { } {} {} {}
E {  356} {e} {e} {2} {0}
E {  358} {w} {w} {8} {0}
E {  364} {s} {s} {4} {0}

R {  358} {0} {} {358} { } {} {} {}
E {  357} {e} {e} {2} {0}
E {  359} {w} {w} {8} {0}
E {  363} {s} {s} {4} {0}

R {  359} {0} {} {359} { } {} {} {}
E {  358} {e} {e} {2} {0}
E {  360} {w} {w} {8} {0}
E {  362} {s} {s} {4} {0}

R {  360} {0} {} {360} { } {} {} {}
E {  359} {e} {e} {2} {0}
E {  361} {s} {s} {4} {0}

R {  361} {0} {} {361} { } {} {} {}
E {  360} {n} {n} {1} {0}
E {  362} {e} {e} {2} {0}
E {  376} {s} {s} {4} {0}

R {  362} {0} {} {362} { } {} {} {}
E {  361} {w} {w} {8} {0}
E {  363} {e} {e} {2} {0}
E {  375} {s} {s} {4} {0}
E {  359} {n} {n} {1} {0}

R {  363} {0} {} {363} { } {} {} {}
E {  362} {w} {w} {8} {0}
E {  364} {e} {e} {2} {0}
E {  358} {n} {n} {1} {0}
E {  374} {s} {s} {4} {0}

R {  364} {0} {} {364} { } {} {} {}
E {  363} {w} {w} {8} {0}
E {  365} {e} {e} {2} {0}
E {  373} {s} {s} {4} {0}
E {  357} {n} {n} {1} {0}

R {  365} {0} {} {365} { } {} {} {}
E {  364} {w} {w} {8} {0}
E {  366} {e} {e} {2} {0}
E {  356} {n} {n} {1} {0}
E {  372} {s} {s} {4} {0}

R {  366} {0} {} {366} { } {} {} {}
E {  365} {w} {w} {8} {0}
E {  348} {e} {e} {2} {0}
E {  371} {s} {s} {4} {0}
E {  355} {n} {n} {1} {0}

R {  367} {0} {} {367} { } {} {} {}
E {  353} {n} {n} {1} {0}
E {  368} {w} {w} {8} {0}
E {  386} {s} {s} {4} {0}

R {  368} {0} {} {368} { } {} {} {}
E {  367} {e} {e} {2} {0}
E {  369} {w} {w} {8} {0}
E {  352} {n} {n} {1} {0}
E {  385} {s} {s} {4} {0}

R {  369} {0} {} {369} { } {} {} {}
E {  368} {e} {e} {2} {0}
E {  370} {w} {w} {8} {0}
E {  384} {s} {s} {4} {0}

R {  370} {0} {} {370} { } {} {} {}
E {  369} {e} {e} {2} {0}
E {  371} {w} {w} {8} {0}
E {  383} {s} {s} {4} {0}
E {  348} {n} {n} {1} {0}

R {  371} {0} {} {371} { } {} {} {}
E {  370} {e} {e} {2} {0}
E {  372} {w} {w} {8} {0}
E {  382} {s} {s} {4} {0}
E {  366} {n} {n} {1} {0}

R {  372} {0} {} {372} { } {} {} {}
E {  371} {e} {e} {2} {0}
E {  373} {w} {w} {8} {0}
E {  365} {n} {n} {1} {0}
E {  381} {s} {s} {4} {0}

R {  373} {0} {} {373} { } {} {} {}
E {  372} {e} {e} {2} {0}
E {  374} {w} {w} {8} {0}
E {  380} {s} {s} {4} {0}
E {  364} {n} {n} {1} {0}

R {  374} {0} {} {374} { } {} {} {}
E {  373} {e} {e} {2} {0}
E {  375} {w} {w} {8} {0}
E {  363} {n} {n} {1} {0}
E {  379} {s} {s} {4} {0}

R {  375} {0} {} {375} { } {} {} {}
E {  374} {e} {e} {2} {0}
E {  376} {w} {w} {8} {0}
E {  378} {s} {s} {4} {0}
E {  362} {n} {n} {1} {0}

R {  376} {0} {} {376} { } {} {} {}
E {  375} {e} {e} {2} {0}
E {  377} {s} {s} {4} {0}
E {  361} {n} {n} {1} {0}

R {  377} {0} {} {377} { } {} {} {}
E {  376} {n} {n} {1} {0}
E {  378} {e} {e} {2} {0}
E {  397} {s} {s} {4} {0}

R {  378} {0} {} {378} { } {} {} {}
E {  377} {w} {w} {8} {0}
E {  379} {e} {e} {2} {0}
E {  396} {s} {s} {4} {0}
E {  375} {n} {n} {1} {0}

R {  379} {0} {} {379} { } {} {} {}
E {  378} {w} {w} {8} {0}
E {  380} {e} {e} {2} {0}
E {  374} {n} {n} {1} {0}
E {  395} {s} {s} {4} {0}

R {  380} {0} {} {380} { } {} {} {}
E {  379} {w} {w} {8} {0}
E {  381} {e} {e} {2} {0}
E {  394} {s} {s} {4} {0}
E {  373} {n} {n} {1} {0}

R {  381} {0} {} {381} { } {} {} {}
E {  380} {w} {w} {8} {0}
E {  382} {e} {e} {2} {0}
E {  372} {n} {n} {1} {0}
E {  393} {s} {s} {4} {0}

R {  382} {0} {} {382} { } {} {} {}
E {  381} {w} {w} {8} {0}
E {  383} {e} {e} {2} {0}
E {  392} {s} {s} {4} {0}
E {  371} {n} {n} {1} {0}

R {  383} {0} {} {383} { } {} {} {}
E {  382} {w} {w} {8} {0}
E {  384} {e} {e} {2} {0}
E {  370} {n} {n} {1} {0}
E {  391} {s} {s} {4} {0}

R {  384} {0} {} {384} { } {} {} {}
E {  383} {w} {w} {8} {0}
E {  385} {e} {e} {2} {0}
E {  390} {s} {s} {4} {0}
E {  369} {n} {n} {1} {0}

R {  385} {0} {} {385} { } {} {} {}
E {  384} {w} {w} {8} {0}
E {  386} {e} {e} {2} {0}
E {  368} {n} {n} {1} {0}
E {  388} {s} {s} {4} {0}

R {  386} {0} {} {386} { } {} {} {}
E {  385} {w} {w} {8} {0}
E {  387} {s} {s} {4} {0}
E {  367} {n} {n} {1} {0}

R {  387} {0} {} {387} { } {} {} {}
E {  386} {n} {n} {1} {0}
E {  388} {w} {w} {8} {0}
E {  389} {e} {e} {2} {0}
E {  407} {s} {s} {4} {0}

R {  388} {0} {} {388} { } {} {} {}
E {  387} {e} {e} {2} {0}
E {  390} {w} {w} {8} {0}
E {  385} {n} {n} {1} {0}
E {  406} {s} {s} {4} {0}

R {  389} {0} {} {389} { } {} {} {}
E {  387} {w} {w} {8} {0}
E {  451} {u} {u} {16} {0}

R {  390} {0} {} {390} { } {} {} {}
E {  388} {e} {e} {2} {0}
E {  391} {w} {w} {8} {0}
E {  405} {s} {s} {4} {0}
E {  384} {n} {n} {1} {0}

R {  391} {0} {} {391} { } {} {} {}
E {  390} {e} {e} {2} {0}
E {  392} {w} {w} {8} {0}
E {  383} {n} {n} {1} {0}
E {  404} {s} {s} {4} {0}

R {  392} {0} {} {392} { } {} {} {}
E {  391} {e} {e} {2} {0}
E {  393} {w} {w} {8} {0}
E {  403} {s} {s} {4} {0}
E {  382} {n} {n} {1} {0}

R {  393} {0} {} {393} { } {} {} {}
E {  392} {e} {e} {2} {0}
E {  394} {w} {w} {8} {0}
E {  381} {n} {n} {1} {0}
E {  402} {s} {s} {4} {0}

R {  394} {0} {} {394} { } {} {} {}
E {  393} {e} {e} {2} {0}
E {  395} {w} {w} {8} {0}
E {  401} {s} {s} {4} {0}
E {  380} {n} {n} {1} {0}

R {  395} {0} {} {395} { } {} {} {}
E {  394} {e} {e} {2} {0}
E {  396} {w} {w} {8} {0}
E {  379} {n} {n} {1} {0}
E {  400} {s} {s} {4} {0}

R {  396} {0} {} {396} { } {} {} {}
E {  395} {e} {e} {2} {0}
E {  397} {w} {w} {8} {0}
E {  399} {s} {s} {4} {0}
E {  378} {n} {n} {1} {0}

R {  397} {0} {} {397} { } {} {} {}
E {  396} {e} {e} {2} {0}
E {  398} {s} {s} {4} {0}
E {  377} {n} {n} {1} {0}

R {  398} {0} {} {398} { } {} {} {}
E {  397} {n} {n} {1} {0}
E {  399} {e} {e} {2} {0}
E {  419} {s} {s} {4} {0}

R {  399} {0} {} {399} { } {} {} {}
E {  398} {w} {w} {8} {0}
E {  400} {e} {e} {2} {0}
E {  418} {s} {s} {4} {0}
E {  396} {n} {n} {1} {0}

R {  400} {0} {} {400} { } {} {} {}
E {  399} {w} {w} {8} {0}
E {  401} {e} {e} {2} {0}
E {  395} {n} {n} {1} {0}
E {  417} {s} {s} {4} {0}

R {  401} {0} {} {401} { } {} {} {}
E {  400} {w} {w} {8} {0}
E {  402} {e} {e} {2} {0}
E {  416} {s} {s} {4} {0}
E {  394} {n} {n} {1} {0}

R {  402} {0} {} {402} { } {} {} {}
E {  401} {w} {w} {8} {0}
E {  403} {e} {e} {2} {0}
E {  393} {n} {n} {1} {0}
E {  415} {s} {s} {4} {0}

R {  403} {0} {} {403} { } {} {} {}
E {  402} {w} {w} {8} {0}
E {  404} {e} {e} {2} {0}
E {  414} {s} {s} {4} {0}
E {  392} {n} {n} {1} {0}

R {  404} {0} {} {404} { } {} {} {}
E {  403} {w} {w} {8} {0}
E {  405} {e} {e} {2} {0}
E {  391} {n} {n} {1} {0}
E {  413} {s} {s} {4} {0}

R {  405} {0} {} {405} { } {} {} {}
E {  404} {w} {w} {8} {0}
E {  406} {e} {e} {2} {0}
E {  412} {s} {s} {4} {0}
E {  390} {n} {n} {1} {0}

R {  406} {0} {} {406} { } {} {} {}
E {  405} {w} {w} {8} {0}
E {  407} {e} {e} {2} {0}
E {  388} {n} {n} {1} {0}
E {  411} {s} {s} {4} {0}

R {  407} {0} {} {407} { } {} {} {}
E {  406} {w} {w} {8} {0}
E {  408} {e} {e} {2} {0}
E {  409} {s} {s} {4} {0}
E {  387} {n} {n} {1} {0}

R {  408} {0} {} {408} { } {} {} {}
E {  407} {w} {w} {8} {0}
E {  455} {u} {u} {16} {0}

R {  409} {0} {} {409} { } {} {} {}
E {  407} {n} {n} {1} {0}
E {  410} {e} {e} {2} {0}
E {  411} {w} {w} {8} {0}
E {  429} {s} {s} {4} {0}

R {  410} {0} {} {410} { } {} {} {}
E {  409} {w} {w} {8} {0}
E {  459} {u} {u} {16} {0}

R {  411} {0} {} {411} { } {} {} {}
E {  409} {e} {e} {2} {0}
E {  412} {w} {w} {8} {0}
E {  406} {n} {n} {1} {0}
E {  428} {s} {s} {4} {0}

R {  412} {0} {} {412} { } {} {} {}
E {  411} {e} {e} {2} {0}
E {  413} {w} {w} {8} {0}
E {  427} {s} {s} {4} {0}
E {  405} {n} {n} {1} {0}

R {  413} {0} {} {413} { } {} {} {}
E {  412} {e} {e} {2} {0}
E {  414} {w} {w} {8} {0}
E {  404} {n} {n} {1} {0}
E {  426} {s} {s} {4} {0}

R {  414} {0} {} {414} { } {} {} {}
E {  413} {e} {e} {2} {0}
E {  415} {w} {w} {8} {0}
E {  425} {s} {s} {4} {0}
E {  403} {n} {n} {1} {0}

R {  415} {0} {} {415} { } {} {} {}
E {  414} {e} {e} {2} {0}
E {  416} {w} {w} {8} {0}
E {  402} {n} {n} {1} {0}
E {  424} {s} {s} {4} {0}

R {  416} {0} {} {416} { } {} {} {}
E {  415} {e} {e} {2} {0}
E {  417} {w} {w} {8} {0}
E {  423} {s} {s} {4} {0}
E {  401} {n} {n} {1} {0}

R {  417} {0} {} {417} { } {} {} {}
E {  416} {e} {e} {2} {0}
E {  418} {w} {w} {8} {0}
E {  400} {n} {n} {1} {0}
E {  422} {s} {s} {4} {0}

R {  418} {0} {} {418} { } {} {} {}
E {  417} {e} {e} {2} {0}
E {  419} {w} {w} {8} {0}
E {  421} {s} {s} {4} {0}
E {  399} {n} {n} {1} {0}

R {  419} {0} {} {419} { } {} {} {}
E {  418} {e} {e} {2} {0}
E {  420} {s} {s} {4} {0}
E {  398} {n} {n} {1} {0}

R {  420} {0} {} {420} { } {} {} {}
E {  419} {n} {n} {1} {0}
E {  421} {e} {e} {2} {0}
E {  439} {s} {s} {4} {0}

R {  421} {0} {} {421} { } {} {} {}
E {  420} {w} {w} {8} {0}
E {  422} {e} {e} {2} {0}
E {  438} {s} {s} {4} {0}
E {  418} {n} {n} {1} {0}

R {  422} {0} {} {422} { } {} {} {}
E {  421} {w} {w} {8} {0}
E {  423} {e} {e} {2} {0}
E {  417} {n} {n} {1} {0}
E {  437} {s} {s} {4} {0}

R {  423} {0} {} {423} { } {} {} {}
E {  422} {w} {w} {8} {0}
E {  424} {e} {e} {2} {0}
E {  436} {s} {s} {4} {0}
E {  416} {n} {n} {1} {0}

R {  424} {0} {} {424} { } {} {} {}
E {  423} {w} {w} {8} {0}
E {  425} {e} {e} {2} {0}
E {  415} {n} {n} {1} {0}
E {  435} {s} {s} {4} {0}

R {  425} {0} {} {425} { } {} {} {}
E {  424} {w} {w} {8} {0}
E {  426} {e} {e} {2} {0}
E {  434} {s} {s} {4} {0}
E {  414} {n} {n} {1} {0}

R {  426} {0} {} {426} { } {} {} {}
E {  425} {w} {w} {8} {0}
E {  427} {e} {e} {2} {0}
E {  413} {n} {n} {1} {0}
E {  433} {s} {s} {4} {0}

R {  427} {0} {} {427} { } {} {} {}
E {  426} {w} {w} {8} {0}
E {  428} {e} {e} {2} {0}
E {  432} {s} {s} {4} {0}
E {  412} {n} {n} {1} {0}

R {  428} {0} {} {428} { } {} {} {}
E {  427} {w} {w} {8} {0}
E {  429} {e} {e} {2} {0}
E {  411} {n} {n} {1} {0}
E {  431} {s} {s} {4} {0}

R {  429} {0} {} {429} { } {} {} {}
E {  428} {w} {w} {8} {0}
E {  430} {s} {s} {4} {0}
E {  409} {n} {n} {1} {0}

R {  430} {0} {} {430} { } {} {} {}
E {  429} {n} {n} {1} {0}
E {  431} {w} {w} {8} {0}
E {  449} {s} {s} {4} {0}

R {  431} {0} {} {431} { } {} {} {}
E {  430} {e} {e} {2} {0}
E {  432} {w} {w} {8} {0}
E {  428} {n} {n} {1} {0}
E {  448} {s} {s} {4} {0}

R {  432} {0} {} {432} { } {} {} {}
E {  431} {e} {e} {2} {0}
E {  433} {w} {w} {8} {0}
E {  447} {s} {s} {4} {0}
E {  427} {n} {n} {1} {0}

R {  433} {0} {} {433} { } {} {} {}
E {  432} {e} {e} {2} {0}
E {  434} {w} {w} {8} {0}
E {  426} {n} {n} {1} {0}
E {  446} {s} {s} {4} {0}

R {  434} {0} {} {434} { } {} {} {}
E {  433} {e} {e} {2} {0}
E {  435} {w} {w} {8} {0}
E {  445} {s} {s} {4} {0}
E {  425} {n} {n} {1} {0}

R {  435} {0} {} {435} { } {} {} {}
E {  434} {e} {e} {2} {0}
E {  436} {w} {w} {8} {0}
E {  424} {n} {n} {1} {0}
E {  444} {s} {s} {4} {0}

R {  436} {0} {} {436} { } {} {} {}
E {  435} {e} {e} {2} {0}
E {  437} {w} {w} {8} {0}
E {  443} {s} {s} {4} {0}
E {  423} {n} {n} {1} {0}

R {  437} {0} {} {437} { } {} {} {}
E {  436} {e} {e} {2} {0}
E {  438} {w} {w} {8} {0}
E {  422} {n} {n} {1} {0}
E {  442} {s} {s} {4} {0}

R {  438} {0} {} {438} { } {} {} {}
E {  437} {e} {e} {2} {0}
E {  439} {w} {w} {8} {0}
E {  441} {s} {s} {4} {0}
E {  421} {n} {n} {1} {0}

R {  439} {0} {} {439} { } {} {} {}
E {  438} {e} {e} {2} {0}
E {  440} {s} {s} {4} {0}
E {  420} {n} {n} {1} {0}

R {  440} {0} {} {440} { } {} {} {}
E {  439} {n} {n} {1} {0}
E {  441} {e} {e} {2} {0}

R {  441} {0} {} {441} { } {} {} {}
E {  440} {w} {w} {8} {0}
E {  442} {e} {e} {2} {0}
E {  438} {n} {n} {1} {0}

R {  442} {0} {} {442} { } {} {} {}
E {  441} {w} {w} {8} {0}
E {  443} {e} {e} {2} {0}
E {  437} {n} {n} {1} {0}

R {  443} {0} {} {443} { } {} {} {}
E {  442} {w} {w} {8} {0}
E {  444} {e} {e} {2} {0}
E {  436} {n} {n} {1} {0}

R {  444} {0} {} {444} { } {} {} {}
E {  443} {w} {w} {8} {0}
E {  445} {e} {e} {2} {0}
E {  435} {n} {n} {1} {0}

R {  445} {0} {} {445} { } {} {} {}
E {  444} {w} {w} {8} {0}
E {  446} {e} {e} {2} {0}
E {  434} {n} {n} {1} {0}

R {  446} {0} {} {446} { } {} {} {}
E {  445} {w} {w} {8} {0}
E {  447} {e} {e} {2} {0}
E {  433} {n} {n} {1} {0}

R {  447} {0} {} {447} { } {} {} {}
E {  446} {w} {w} {8} {0}
E {  448} {e} {e} {2} {0}
E {  432} {n} {n} {1} {0}

R {  448} {0} {} {448} { } {} {} {}
E {  447} {w} {w} {8} {0}
E {  449} {e} {e} {2} {0}
E {  431} {n} {n} {1} {0}

R {  449} {0} {} {449} { } {} {} {}
E {  448} {w} {w} {8} {0}
E {  430} {n} {n} {1} {0}

R {  450} {0} {} {upto6} { } {} {} {}
E {  347} {u} {u} {16} {0}
E {  463} {s} {s} {4} {0}

R {  451} {0} {} {451} { } {} {} {}
E {  389} {d} {d} {32} {0}
E {  452} {u} {u} {16} {0}

R {  452} {0} {} {452} { } {} {} {}
E {  451} {d} {d} {32} {0}
E {  453} {u} {u} {16} {0}

R {  453} {0} {} {453} { } {} {} {}
E {  452} {d} {d} {32} {0}
E {  454} {u} {u} {16} {0}

R {  454} {0} {} {454} { } {} {} {}
E {  453} {d} {d} {32} {0}

R {  455} {0} {} {455} { } {} {} {}
E {  408} {d} {d} {32} {0}
E {  456} {u} {u} {16} {0}

R {  456} {0} {} {456} { } {} {} {}
E {  455} {d} {d} {32} {0}
E {  457} {u} {u} {16} {0}

R {  457} {0} {} {457} { } {} {} {}
E {  456} {d} {d} {32} {0}
E {  458} {u} {u} {16} {0}

R {  458} {0} {} {458} { } {} {} {}
E {  457} {d} {d} {32} {0}

R {  459} {0} {} {459} { } {} {} {}
E {  410} {d} {d} {32} {0}
E {  460} {u} {u} {16} {0}

R {  460} {0} {} {460} { } {} {} {}
E {  459} {d} {d} {32} {0}
E {  461} {u} {u} {16} {0}

R {  461} {0} {} {461} { } {} {} {}
E {  460} {d} {d} {32} {0}
E {  462} {u} {u} {16} {0}

R {  462} {0} {} {462} { } {} {} {}
E {  461} {d} {d} {32} {0}

R {  463} {0} {} {463} { } {} {} {}
E {  450} {n} {n} {1} {0}
E {  464} {w} {w} {8} {0}
E {  465} {e} {e} {2} {0}
E {  466} {s} {s} {4} {0}

R {  464} {0} {} {464} { } {} {} {}
E {  463} {e} {e} {2} {0}

R {  465} {0} {} {465} { } {} {} {}
E {  463} {w} {w} {8} {0}

R {  466} {0} {} {466} { } {} {} {}
E {  463} {n} {n} {1} {0}
E {  467} {w} {w} {8} {0}
E {  468} {e} {e} {2} {0}
E {  469} {z} {z} {12} {0}

R {  467} {0} {} {467} { } {} {} {}
E {  466} {e} {e} {2} {0}

R {  468} {0} {} {468} { } {} {} {}
E {  466} {w} {w} {8} {0}

R {  469} {0} {} {469} { } {} {} {}
E {  466} {r} {r} {3} {0}
