C 100

CE <078>
CR 

F 8

I 29

L * # # + # | + + # + - + + + + + x


R {    1} {0} {} {exit} { } {} {} {}
E {    2} {n} {n} {1}

R {    2} {0} {} {2} { } {} {} {}
E {    1} {s} {s} {4}
E {    3} {w} {w} {8}
E {    5} {e} {e} {2}
E {    8} {n} {n} {1}

R {    3} {0} {} {3} { } {} {} {}
E {    2} {e} {e} {2}
E {    4} {z} {z} {12}
E {    9} {n} {n} {1}

R {    4} {0} {<110>} {quinton} { } {} {} {}
E {    3} {r} {r} {3}

R {    5} {0} {} {5} { } {} {} {}
E {    2} {w} {w} {8}
E {    6} {v} {v} {6}
E {    7} {n} {n} {1}

R {    6} {0} {<160>} {bryant} { } {} {} {}
E {    5} {q} {q} {9}

R {    7} {0} {} {7} { } {} {} {}
E {    5} {s} {s} {4}
E {    8} {w} {w} {8}
E {   13} {n} {n} {1}

R {    8} {0} {} {8} { } {} {} {}
E {    7} {e} {e} {2}
E {    2} {s} {s} {4}
E {    9} {w} {w} {8}
E {   12} {n} {n} {1}

R {    9} {0} {<130>} {planesexit} { } {} {} {}
E {    8} {e} {e} {2}
E {    3} {s} {s} {4}
E {   10} {n} {n} {1}

R {   10} {0} {} {10} { } {} {} {}
E {    9} {s} {s} {4}
E {   11} {q} {q} {9}
E {   12} {e} {e} {2}

R {   11} {0} {<120>} {hyven} { } {} {} {}
E {   10} {v} {v} {6}

R {   12} {0} {} {12} { } {} {} {}
E {   10} {w} {w} {8}
E {    8} {s} {s} {4}
E {   13} {e} {e} {2}
E {   15} {n} {n} {1}

R {   13} {0} {} {13} { } {} {} {}
E {    7} {s} {s} {4}
E {   12} {w} {w} {8}
E {   14} {r} {r} {3}

R {   14} {0} {<140>} {keshtan} { } {} {} {}
E {   13} {z} {z} {12}

R {   15} {0} {} {ge} { } {} {} {}
E {   12} {s} {s} {4}
E {   16} {n} {n} {1}

R {   16} {0} {} {16} { } {} {} {}
E {   15} {s} {s} {4}
E {   17} {w} {w} {8}
E {   19} {n} {n} {1}
E {   20} {e} {e} {2}

R {   17} {0} {} {shop} { } {} {} {}
E {   16} {e} {e} {2}
E {   18} {n} {n} {1}

R {   18} {0} {} {18} { } {} {} {}
E {   17} {s} {s} {4}
E {   19} {e} {e} {2}
E {   30} {n} {n} {1}
E {   32} {w} {w} {8}

R {   19} {0} {} {19} { } {} {} {}
E {   18} {w} {w} {8}
E {   16} {s} {s} {4}
E {   21} {e} {e} {2}
E {   22} {n} {n} {1}

R {   20} {0} {} {list} { } {} {} {}
E {   16} {w} {w} {8}
E {   21} {n} {n} {1}
E {   24} {e} {e} {2}

R {   21} {0} {} {21} { } {} {} {}
E {   20} {s} {s} {4}
E {   19} {w} {w} {8}
E {   26} {r} {r} {3}
E {   27} {e} {e} {2}

R {   22} {0} {} {portal} { } {} {} {}
E {   19} {s} {s} {4}

R {   23} {0} {} {armory} { } {} {} {}
E {   24} {w} {w} {8}
E {   25} {n} {n} {1}

R {   24} {8} {} {24} { } {} {} {}
E {   20} {w} {w} {8}
E {   23} {e} {e} {2}

R {   25} {0} {} {bank} { } {} {} {}
E {   23} {s} {s} {4}
E {   26} {q} {q} {9}
E {   27} {w} {w} {8}

R {   26} {0} {} {aylan} { } {} {} {}
E {   21} {z} {z} {12}
E {   25} {v} {v} {6}
E {   28} {u} {u} {16}
E {   29} {d} {d} {32}

R {   27} {8} {} {27} { } {} {} {}
E {   25} {e} {e} {2}
E {   21} {w} {w} {8}

R {   28} {0} {} {apex} { } {} {} {}
E {   26} {d} {d} {32}

R {   29} {0} {} {vote} { } {} {} {}
E {   26} {u} {u} {16}

R {   30} {0} {} {30} { } {} {} {}
E {   18} {s} {s} {4}
E {   31} {n} {n} {1}

R {   31} {0} {} {mega} { } {} {} {}
E {   30} {s} {s} {4}

R {   32} {0} {} {32} { } {} {} {}
E {   18} {e} {e} {2}
E {   33} {w} {w} {8}

R {   33} {0} {} {33} { } {} {} {}
E {   32} {e} {e} {2}
E {   34} {s} {s} {4}
E {   36} {w} {w} {8}
E {   37} {n} {n} {1}

R {   34} {0} {} {34} { } {} {} {}
E {   33} {n} {n} {1}
E {   35} {w} {w} {8}

R {   35} {0} {<140>} {water} { } {} {} {}
E {   34} {e} {e} {2}

R {   36} {0} {<120>} {earth} { } {} {} {}
E {   33} {e} {e} {2}

R {   37} {0} {} {37} { } {} {} {}
E {   33} {s} {s} {4}
E {   38} {w} {w} {8}
E {   39} {n} {n} {1}

R {   38} {0} {<110>} {fire} { } {} {} {}
E {   37} {e} {e} {2}

R {   39} {0} {} {39} { } {} {} {}
E {   37} {s} {s} {4}
E {   40} {w} {w} {8}

R {   40} {0} {<160>} {air} { } {} {} {}
E {   39} {e} {e} {2}
