C 15000

CE <078>
CR <178>
CP <138>

F 8

I 47

L * # # + # | + + # + - + + + + + x


R {    1} {0} {<130>} {exit} { } {} {} {}
E {    2} {n} {n} {1} {0}

R {    2} {0} {} {2} { } {} {} {}
E {    1} {s} {s} {4} {0}
E {    3} {r} {r} {3} {0}
E {    3} {ne} {ne} {3} {0}

R {    3} {0} {} {3} { } {} {} {}
E {    2} {z} {z} {12} {0}
E {    4} {r} {r} {3} {0}
E {    2} {sw} {sw} {12} {0}
E {    4} {ne} {ne} {3} {0}

R {    4} {0} {} {4} { } {} {} {}
E {    3} {z} {z} {12} {0}
E {    5} {s} {s} {4} {0}
E {   49} {n} {n} {1} {0}
E {    3} {sw} {sw} {12} {0}

R {    5} {0} {} {5} { } {} {} {}
E {    4} {n} {n} {1} {0}
E {    6} {s} {s} {4} {0}
E {   27} {e} {e} {2} {0}

R {    6} {0} {} {6} { } {} {} {}
E {    5} {n} {n} {1} {0}
E {    7} {s} {s} {4} {0}
E {   24} {e} {e} {2} {0}

R {    7} {0} {} {7} { } {} {} {}
E {    6} {n} {n} {1} {0}
E {    8} {e} {e} {2} {0}

R {    8} {0} {<130>} {8} { } {} {} {}
E {    7} {w} {w} {8} {0}
E {    9} {s} {s} {4} {0}
E {   19} {e} {e} {2} {0}
E {   24} {n} {n} {1} {0}
E {   61} {enter} {enter} {0} {0}

R {    9} {0} {} {9} { } {} {} {}
E {    8} {n} {n} {1} {0}
E {   10} {s} {s} {4} {0}
E {   13} {e} {e} {2} {0}

R {   10} {0} {} {10} { } {} {} {}
E {    9} {n} {n} {1} {0}
E {   11} {e} {e} {2} {0}

R {   11} {0} {} {11} { } {} {} {}
E {   10} {w} {w} {8} {0}
E {   12} {s} {s} {4} {0}

R {   12} {0} {<120>} {pub} { } {} {} {}
E {   11} {n} {n} {1} {0}

R {   13} {0} {} {13} { } {} {} {}
E {    9} {w} {w} {8} {0}
E {   14} {e} {e} {2} {0}
E {   19} {n} {n} {1} {0}

R {   14} {0} {} {14} { } {} {} {}
E {   13} {w} {w} {8} {0}
E {   15} {e} {e} {2} {0}
E {   20} {n} {n} {1} {0}

R {   15} {0} {} {15} { } {} {} {}
E {   14} {w} {w} {8} {0}
E {   16} {s} {s} {4} {0}
E {   18} {e} {e} {2} {0}

R {   16} {0} {} {16} { } {} {} {}
E {   15} {n} {n} {1} {0}
E {   17} {e} {e} {2} {0}

R {   17} {0} {} {17} { } {} {} {}
E {   16} {w} {w} {8} {0}
E {   18} {n} {n} {1} {0}

R {   18} {0} {} {18} { } {} {} {}
E {   17} {s} {s} {4} {0}
E {   15} {w} {w} {8} {0}

R {   19} {0} {<130>} {19} { } {} {} {}
E {    8} {w} {w} {8} {0}
E {   20} {e} {e} {2} {0}
E {   13} {s} {s} {4} {0}
E {   23} {n} {n} {1} {0}
E {   62} {enter} {enter} {0} {0}

R {   20} {0} {} {20} { } {} {} {}
E {   19} {w} {w} {8} {0}
E {   14} {s} {s} {4} {0}
E {   21} {n} {n} {1} {0}

R {   21} {0} {} {21} { } {} {} {}
E {   20} {s} {s} {4} {0}
E {   22} {e} {e} {2} {0}
E {   23} {w} {w} {8} {0}
E {   25} {n} {n} {1} {0}

R {   22} {0} {} {22} { } {} {} {}
E {   21} {w} {w} {8} {0}

R {   23} {0} {} {23} { } {} {} {}
E {   21} {e} {e} {2} {0}
E {   24} {w} {w} {8} {0}
E {   19} {s} {s} {4} {0}

R {   24} {0} {<130>} {24} { } {} {} {}
E {   23} {e} {e} {2} {0}
E {    6} {w} {w} {8} {0}
E {    8} {s} {s} {4} {0}
E {   56} {enter} {enter} {0} {0}

R {   25} {0} {} {25} { } {} {} {}
E {   21} {s} {s} {4} {0}
E {   26} {w} {w} {8} {0}
E {   29} {n} {n} {1} {0}

R {   26} {0} {} {26} { } {} {} {}
E {   25} {e} {e} {2} {0}
E {   27} {w} {w} {8} {0}
E {   28} {n} {n} {1} {0}

R {   27} {0} {} {27} { } {} {} {}
E {   26} {e} {e} {2} {0}
E {    5} {w} {w} {8} {0}

R {   28} {0} {} {28} { } {} {} {}
E {   26} {s} {s} {4} {0}
E {   29} {e} {e} {2} {0}

R {   29} {0} {} {29} { } {} {} {}
E {   28} {w} {w} {8} {0}
E {   25} {s} {s} {4} {0}
E {   30} {e} {e} {2} {0}

R {   30} {0} {} {30} { } {} {} {}
E {   29} {w} {w} {8} {0}
E {   31} {e} {e} {2} {0}

R {   31} {0} {} {31} { } {} {} {}
E {   30} {w} {w} {8} {0}
E {   34} {e} {e} {2} {0}
E {   40} {n} {n} {1} {0}
E {   32} {s} {s} {4} {0}

R {   32} {0} {} {32} { } {} {} {}
E {   33} {e} {e} {2} {0}
E {   31} {n} {n} {1} {0}
E {   53} {door} {door} {0} {0}

R {   33} {0} {} {33} { } {} {} {}
E {   32} {w} {w} {8} {0}
E {   34} {n} {n} {1} {0}

R {   34} {0} {} {34} { } {} {} {}
E {   33} {s} {s} {4} {0}
E {   31} {w} {w} {8} {0}
E {   35} {e} {e} {2} {0}
E {   39} {n} {n} {1} {0}

R {   35} {0} {} {35} { } {} {} {}
E {   34} {w} {w} {8} {0}
E {   36} {e} {e} {2} {0}
E {   38} {n} {n} {1} {0}

R {   36} {0} {} {36} { } {} {} {}
E {   35} {w} {w} {8} {0}
E {   37} {n} {n} {1} {0}

R {   37} {0} {} {37} { } {} {} {}
E {   36} {s} {s} {4} {0}

R {   38} {0} {} {38} { } {} {} {}
E {   35} {s} {s} {4} {0}

R {   39} {0} {} {39} { } {} {} {}
E {   34} {s} {s} {4} {0}
E {   40} {w} {w} {8} {0}
E {   41} {q} {q} {9} {0}

R {   40} {0} {} {40} { } {} {} {}
E {   39} {e} {e} {2} {0}
E {   31} {s} {s} {4} {0}

R {   41} {0} {} {41} { } {} {} {}
E {   39} {v} {v} {6} {0}
E {   42} {q} {q} {9} {0}

R {   42} {0} {} {42} { } {} {} {}
E {   41} {v} {v} {6} {0}
E {   43} {w} {w} {8} {0}
E {   50} {n} {n} {1} {0}

R {   43} {0} {} {43} { } {} {} {}
E {   42} {e} {e} {2} {0}
E {   44} {w} {w} {8} {0}

R {   44} {0} {<160>} {44} { } {} {} {}
E {   43} {e} {e} {2} {0}
E {   45} {s} {s} {4} {0}
E {   51} {q} {search bushes;q;33} {9} {0}
E {   51} {nw} {nw} {9} {0}

R {   45} {0} {} {45} { } {} {} {}
E {   44} {n} {n} {1} {0}
E {   46} {e} {e} {2} {0}
E {   47} {w} {w} {8} {0}

R {   46} {0} {} {46} { } {} {} {}
E {   45} {w} {w} {8} {0}

R {   47} {0} {<130>} {47} { } {} {} {}
E {   45} {e} {e} {2} {0}
E {   48} {w} {w} {8} {0}
E {   63} {climb groove} {climb groove} {16} {0}

R {   48} {0} {} {48} { } {} {} {}
E {   47} {e} {e} {2} {0}
E {   49} {s} {s} {4} {0}

R {   49} {0} {} {49} { } {} {} {}
E {   48} {n} {n} {1} {0}
E {    4} {s} {s} {4} {0}

R {   50} {0} {} {50} { } {} {} {}
E {   42} {s} {s} {4} {0}

R {   51} {0} {} {51} { } {} {} {}
E {   44} {v} {v} {6} {0}
E {   52} {n} {n} {1} {0}
E {   44} {se} {se} {6} {0}

R {   52} {0} {<150>} {davos} { } {} {} {}
E {   51} {s} {s} {4} {0}

R {   53} {0} {} {53} { } {} {} {}
E {   32} {door} {door} {0} {0}
E {   54} {e} {e} {2} {0}

R {   54} {0} {} {54} { } {} {} {}
E {   53} {w} {w} {8} {0}
E {   55} {stairs} {stairs} {32} {0}

R {   55} {0} {} {55} { } {} {} {}
E {   54} {stairs} {stairs} {32} {0}

R {   56} {0} {} {56} { } {} {} {}
E {   24} {out} {out} {0} {0}
E {   57} {e} {e} {2} {0}
E {   59} {n} {n} {1} {0}

R {   57} {0} {} {57} { } {} {} {}
E {   56} {w} {w} {8} {0}
E {   58} {n} {n} {1} {0}

R {   58} {0} {} {58} { } {} {} {}
E {   57} {s} {s} {4} {0}

R {   59} {0} {} {59} { } {} {} {}
E {   56} {s} {s} {4} {0}
E {   60} {w} {w} {8} {0}

R {   60} {0} {} {60} { } {} {} {}
E {   59} {e} {e} {2} {0}

R {   61} {0} {} {61} { } {} {} {}
E {    8} {out} {out} {0} {0}

R {   62} {0} {} {62} { } {} {} {}
E {   19} {out} {out} {0} {0}

R {   63} {0} {} {63} { } {} {} {}
E {   47} {d} {d} {32} {0}
