C 15000

CE <078>
CR <178>
CP <138>

F 8

I 15

L * # # + # | + + # + - + + + + + x


R {    1} {0} {<130>} {exit} { } {} {} {}
E {    2} {n} {n} {1} {0}

R {    2} {0} {} {2} { } {} {} {}
E {    1} {s} {s} {4} {0}
E {    3} {w} {w} {8} {0}
E {    4} {n} {n} {1} {0}

R {    3} {0} {} {3} { } {} {} {}
E {    2} {e} {e} {2} {0}

R {    4} {0} {} {4} { } {} {} {}
E {    2} {s} {s} {4} {0}
E {    5} {w} {w} {8} {0}
E {    6} {e} {e} {2} {0}
E {    7} {n} {n} {1} {0}

R {    5} {0} {} {5} { } {} {} {}
E {    4} {e} {e} {2} {0}

R {    6} {0} {} {6} { } {} {} {}
E {    4} {w} {w} {8} {0}

R {    7} {0} {} {7} { } {} {} {}
E {    4} {s} {s} {4} {0}
E {    8} {w} {w} {8} {0}
E {    9} {e} {e} {2} {0}
E {   10} {n} {n} {1} {0}

R {    8} {0} {} {8} { } {} {} {}
E {    7} {e} {e} {2} {0}

R {    9} {0} {} {9} { } {} {} {}
E {    7} {w} {w} {8} {0}

R {   10} {0} {} {10} { } {} {} {}
E {    7} {s} {s} {4} {0}
E {   11} {w} {w} {8} {0}
E {   12} {e} {e} {2} {0}
E {   13} {n} {n} {1} {0}

R {   11} {0} {} {11} { } {} {} {}
E {   10} {e} {e} {2} {0}

R {   12} {0} {} {12} { } {} {} {}
E {   10} {w} {w} {8} {0}

R {   13} {0} {} {13} { } {} {} {}
E {   10} {s} {s} {4} {0}
E {   14} {n} {n} {1} {0}

R {   14} {0} {} {14} { } {} {} {}
E {   13} {s} {s} {4} {0}
E {   15} {u} {u} {16} {0}

R {   15} {0} {} {15} { } {} {} {}
E {   14} {d} {d} {32} {0}
