C 15000

CE <078>
CR <178>

F 8

I 30

L * # # + # | + + # + - + + + + + x


R {    1} {0} {} {enter} { } {} {} {}
E {    2} {n} {n} {1}

R {    2} {0} {} {2} { } {} {} {}
E {    1} {s} {s} {4}
E {    3} {n} {n} {1}

R {    3} {0} {} {3} { } {} {} {}
E {    2} {s} {s} {4}
E {    4} {w} {w} {8}
E {   11} {e} {e} {2}
E {   29} {climb} {climb} {0}

R {    4} {0} {} {4} { } {} {} {}
E {    3} {e} {e} {2}
E {    5} {w} {w} {8}

R {    5} {0} {} {5} { } {} {} {}
E {    4} {e} {e} {2}
E {    6} {s} {s} {4}

R {    6} {0} {<140>} {6} { } {} {} {}
E {    5} {n} {n} {1}
E {    7} {w} {w} {8}

R {    7} {0} {} {7} { } {} {} {}
E {    6} {e} {e} {2}
E {    8} {w} {w} {8}

R {    8} {0} {} {8} { } {} {} {}
E {    7} {e} {e} {2}
E {    9} {s} {s} {4}

R {    9} {0} {} {9} { } {} {} {}
E {    8} {n} {n} {1}
E {   10} {s} {s} {4}

R {   10} {0} {<140>} {10} { } {} {} {}
E {    9} {n} {n} {1}

R {   11} {0} {} {11} { } {} {} {}
E {    3} {w} {w} {8}
E {   12} {e} {e} {2}
E {   21} {n} {n} {1}

R {   12} {0} {} {12} { } {} {} {}
E {   11} {w} {w} {8}
E {   13} {e} {e} {2}

R {   13} {0} {} {13} { } {} {} {}
E {   12} {w} {w} {8}
E {   14} {e} {e} {2}

R {   14} {0} {} {14} { } {} {} {}
E {   13} {w} {w} {8}
E {   15} {s} {s} {4}
E {   18} {n} {n} {1}

R {   15} {0} {} {15} { } {} {} {}
E {   14} {n} {n} {1}
E {   16} {s} {s} {4}

R {   16} {0} {} {16} { } {} {} {}
E {   15} {n} {n} {1}
E {   17} {s} {s} {4}

R {   17} {0} {<120>} {17} { } {} {} {}
E {   16} {n} {n} {1}

R {   18} {0} {} {18} { } {} {} {}
E {   14} {s} {s} {4}
E {   19} {n} {n} {1}

R {   19} {0} {} {19} { } {} {} {}
E {   18} {s} {s} {4}
E {   20} {n} {n} {1}

R {   20} {0} {<140>} {20} { } {} {} {}
E {   19} {s} {s} {4}

R {   21} {0} {} {21} { } {} {} {}
E {   11} {s} {s} {4}
E {   22} {n} {n} {1}

R {   22} {0} {} {22} { } {} {} {}
E {   21} {s} {s} {4}
E {   23} {n} {n} {1}

R {   23} {0} {} {23} { } {} {} {}
E {   22} {s} {s} {4}
E {   24} {w} {w} {8}

R {   24} {0} {} {24} { } {} {} {}
E {   23} {e} {e} {2}
E {   25} {w} {w} {8}

R {   25} {0} {} {25} { } {} {} {}
E {   24} {e} {e} {2}
E {   26} {w} {w} {8}

R {   26} {0} {} {26} { } {} {} {}
E {   25} {e} {e} {2}
E {   27} {w} {w} {8}

R {   27} {0} {} {27} { } {} {} {}
E {   26} {e} {e} {2}
E {   28} {w} {w} {8}

R {   28} {0} {<120>} {28} { } {} {} {}
E {   27} {e} {e} {2}

R {   29} {0} {} {29} { } {} {} {}
E {    3} {d} {d} {32}
E {   30} {e} {e} {2}

R {   30} {0} {} {exit} { } {} {} {}
E {   29} {w} {w} {8}
