C 15000

CE <078>
CR <178>
CP <138>

F 8

I 208

L * # # + # | + + # + - + + + + + x


R {    1} {0} {<130>} {exit} { } {} {} {}
E {    2} {n} {n} {1} {0}

R {    2} {0} {} {2} { } {} {} {}
E {    1} {s} {s} {4} {0}
E {    3} {n} {n} {1} {0}

R {    3} {0} {} {3} { } {} {} {}
E {    2} {s} {s} {4} {0}
E {    4} {r} {r} {3} {0}
E {    6} {q} {q} {9} {0}
E {    7} {n} {n} {1} {0}
E {    6} {nw} {nw} {9} {0}

R {    4} {0} {} {4} { } {} {} {}
E {    3} {z} {z} {12} {0}
E {    5} {q} {q} {9} {0}
E {    8} {r} {r} {3} {0}
E {   10} {n} {n} {1} {0}

R {    5} {0} {} {5} { } {} {} {}
E {    4} {v} {v} {6} {0}
E {    6} {z} {z} {12} {0}
E {    7} {s} {s} {4} {0}
E {    9} {r} {r} {3} {0}
E {   17} {q} {q} {9} {0}
E {   18} {n} {n} {1} {0}

R {    6} {0} {} {6} { } {} {} {}
E {    5} {r} {r} {3} {0}
E {    3} {v} {v} {6} {0}
E {   19} {q} {q} {9} {0}
E {   20} {n} {n} {1} {0}
E {    3} {se} {se} {6} {0}
E {   19} {nw} {nw} {9} {0}

R {    7} {8} {} {7} { } {} {} {}
E {    5} {n} {n} {1} {0}
E {    3} {s} {s} {4} {0}

R {    8} {0} {} {8} { } {} {} {}
E {    4} {z} {z} {12} {0}
E {    9} {q} {q} {9} {0}
E {   11} {r} {r} {3} {0}
E {   13} {n} {n} {1} {0}

R {    9} {0} {} {9} { } {} {} {}
E {    8} {v} {v} {6} {0}
E {    5} {z} {z} {12} {0}
E {   10} {s} {s} {4} {0}
E {   12} {r} {r} {3} {0}
E {   15} {q} {q} {9} {0}
E {   16} {n} {n} {1} {0}

R {   10} {8} {} {10} { } {} {} {}
E {    9} {n} {n} {1} {0}
E {    4} {s} {s} {4} {0}

R {   11} {0} {} {11} { } {} {} {}
E {    8} {z} {z} {12} {0}
E {   12} {q} {q} {9} {0}
E {   89} {r} {r} {3} {0}

R {   12} {0} {} {12} { } {} {} {}
E {   11} {v} {v} {6} {0}
E {    9} {z} {z} {12} {0}
E {   13} {s} {s} {4} {0}
E {   14} {q} {q} {9} {0}
E {   29} {n} {n} {1} {0}

R {   13} {8} {} {13} { } {} {} {}
E {   12} {n} {n} {1} {0}
E {    8} {s} {s} {4} {0}

R {   14} {0} {} {14} { } {} {} {}
E {   12} {v} {v} {6} {0}
E {   15} {z} {z} {12} {0}
E {   16} {s} {s} {4} {0}
E {   26} {q} {q} {9} {0}
E {   28} {r} {r} {3} {0}
E {   31} {n} {n} {1} {0}

R {   15} {0} {} {15} { } {} {} {}
E {   14} {r} {r} {3} {0}
E {    9} {v} {v} {6} {0}
E {   17} {z} {z} {12} {0}
E {   18} {s} {s} {4} {0}
E {   24} {q} {q} {9} {0}
E {   27} {n} {n} {1} {0}

R {   16} {8} {} {16} { } {} {} {}
E {   14} {n} {n} {1} {0}
E {    9} {s} {s} {4} {0}

R {   17} {0} {} {17} { } {} {} {}
E {   15} {r} {r} {3} {0}
E {    5} {v} {v} {6} {0}
E {   19} {z} {z} {12} {0}
E {   20} {s} {s} {4} {0}
E {   22} {q} {q} {9} {0}
E {   25} {n} {n} {1} {0}

R {   18} {8} {} {18} { } {} {} {}
E {   15} {n} {n} {1} {0}
E {    5} {s} {s} {4} {0}

R {   19} {0} {} {19} { } {} {} {}
E {   17} {r} {r} {3} {0}
E {    6} {v} {v} {6} {0}
E {   21} {q} {q} {9} {0}
E {   23} {n} {n} {1} {0}
E {    6} {se} {se} {6} {0}
E {   21} {nw} {nw} {9} {0}

R {   20} {8} {} {20} { } {} {} {}
E {   17} {n} {n} {1} {0}
E {    6} {s} {s} {4} {0}

R {   21} {0} {} {21} { } {} {} {}
E {   19} {v} {v} {6} {0}
E {   22} {r} {r} {3} {0}
E {  107} {q} {q} {9} {0}
E {   19} {se} {se} {6} {0}
E {  107} {nw} {nw} {9} {0}

R {   22} {0} {} {22} { } {} {} {}
E {   21} {z} {z} {12} {0}
E {   17} {v} {v} {6} {0}
E {   23} {s} {s} {4} {0}
E {   24} {r} {r} {3} {0}
E {   41} {n} {n} {1} {0}

R {   23} {8} {} {23} { } {} {} {}
E {   22} {n} {n} {1} {0}
E {   19} {s} {s} {4} {0}

R {   24} {0} {} {24} { } {} {} {}
E {   22} {z} {z} {12} {0}
E {   15} {v} {v} {6} {0}
E {   25} {s} {s} {4} {0}
E {   26} {r} {r} {3} {0}
E {   39} {q} {q} {9} {0}
E {   40} {n} {n} {1} {0}

R {   25} {8} {} {25} { } {} {} {}
E {   24} {n} {n} {1} {0}
E {   17} {s} {s} {4} {0}

R {   26} {0} {} {26} { } {} {} {}
E {   24} {z} {z} {12} {0}
E {   14} {v} {v} {6} {0}
E {   27} {s} {s} {4} {0}
E {   30} {r} {r} {3} {0}
E {   37} {q} {q} {9} {0}
E {   38} {n} {n} {1} {0}

R {   27} {8} {} {27} { } {} {} {}
E {   26} {n} {n} {1} {0}
E {   15} {s} {s} {4} {0}

R {   28} {0} {} {28} { } {} {} {}
E {   14} {z} {z} {12} {0}
E {   29} {s} {s} {4} {0}
E {   30} {q} {q} {9} {0}
E {   33} {n} {n} {1} {0}

R {   29} {8} {} {29} { } {} {} {}
E {   28} {n} {n} {1} {0}
E {   12} {s} {s} {4} {0}

R {   30} {0} {} {30} { } {} {} {}
E {   28} {v} {v} {6} {0}
E {   26} {z} {z} {12} {0}
E {   31} {s} {s} {4} {0}
E {   32} {r} {r} {3} {0}
E {   35} {q} {q} {9} {0}
E {   36} {n} {n} {1} {0}

R {   31} {8} {} {31} { } {} {} {}
E {   30} {n} {n} {1} {0}
E {   14} {s} {s} {4} {0}

R {   32} {0} {} {32} { } {} {} {}
E {   30} {z} {z} {12} {0}
E {   33} {s} {s} {4} {0}
E {   34} {q} {q} {9} {0}

R {   33} {8} {} {33} { } {} {} {}
E {   32} {n} {n} {1} {0}
E {   28} {s} {s} {4} {0}

R {   34} {0} {} {34} { } {} {} {}
E {   32} {v} {v} {6} {0}
E {   35} {z} {z} {12} {0}
E {   36} {s} {s} {4} {0}
E {   46} {q} {q} {9} {0}
E {   50} {n} {n} {1} {0}

R {   35} {0} {} {35} { } {} {} {}
E {   34} {r} {r} {3} {0}
E {   30} {v} {v} {6} {0}
E {   37} {z} {z} {12} {0}
E {   38} {s} {s} {4} {0}
E {   44} {q} {q} {9} {0}
E {   51} {n} {n} {1} {0}

R {   36} {8} {} {36} { } {} {} {}
E {   34} {n} {n} {1} {0}
E {   30} {s} {s} {4} {0}

R {   37} {0} {} {37} { } {} {} {}
E {   35} {r} {r} {3} {0}
E {   26} {v} {v} {6} {0}
E {   39} {z} {z} {12} {0}
E {   40} {s} {s} {4} {0}
E {   42} {q} {q} {9} {0}
E {   45} {n} {n} {1} {0}

R {   38} {8} {} {38} { } {} {} {}
E {   35} {n} {n} {1} {0}
E {   26} {s} {s} {4} {0}

R {   39} {0} {} {39} { } {} {} {}
E {   37} {r} {r} {3} {0}
E {   24} {v} {v} {6} {0}
E {   41} {s} {s} {4} {0}
E {   43} {n} {n} {1} {0}

R {   40} {8} {} {40} { } {} {} {}
E {   37} {n} {n} {1} {0}
E {   24} {s} {s} {4} {0}

R {   41} {8} {} {41} { } {} {} {}
E {   39} {n} {n} {1} {0}
E {   22} {s} {s} {4} {0}

R {   42} {0} {} {42} { } {} {} {}
E {   37} {v} {v} {6} {0}
E {   43} {s} {s} {4} {0}
E {   44} {r} {r} {3} {0}

R {   43} {8} {} {43} { } {} {} {}
E {   42} {n} {n} {1} {0}
E {   39} {s} {s} {4} {0}

R {   44} {0} {} {44} { } {} {} {}
E {   42} {z} {z} {12} {0}
E {   35} {v} {v} {6} {0}
E {   45} {s} {s} {4} {0}
E {   46} {r} {r} {3} {0}
E {   48} {n} {n} {1} {0}

R {   45} {8} {} {45} { } {} {} {}
E {   44} {n} {n} {1} {0}
E {   37} {s} {s} {4} {0}

R {   46} {0} {} {46} { } {} {} {}
E {   44} {z} {z} {12} {0}
E {   47} {q} {q} {9} {0}
E {   34} {v} {v} {6} {0}
E {   49} {r} {r} {3} {0}
E {   51} {s} {s} {4} {0}

R {   47} {0} {} {47} { } {} {} {}
E {   46} {v} {v} {6} {0}
E {   48} {s} {s} {4} {0}

R {   48} {8} {} {48} { } {} {} {}
E {   47} {n} {n} {1} {0}
E {   44} {s} {s} {4} {0}

R {   49} {0} {} {49} { } {} {} {}
E {   46} {z} {z} {12} {0}
E {   50} {s} {s} {4} {0}
E {   52} {r} {r} {3} {0}

R {   50} {8} {} {50} { } {} {} {}
E {   49} {n} {n} {1} {0}
E {   34} {s} {s} {4} {0}

R {   51} {8} {} {51} { } {} {} {}
E {   46} {n} {n} {1} {0}
E {   35} {s} {s} {4} {0}

R {   52} {0} {} {52} { } {} {} {}
E {   49} {z} {z} {12} {0}
E {   53} {r} {r} {3} {0}
E {   55} {v} {v} {6} {0}

R {   53} {0} {} {53} { } {} {} {}
E {   52} {z} {z} {12} {0}
E {   54} {v} {v} {6} {0}
E {   56} {s} {s} {4} {0}

R {   54} {0} {<130>} {54} { } {} {} {}
E {   53} {q} {q} {9} {0}
E {   55} {z} {z} {12} {0}
E {   57} {r} {r} {3} {0}
E {   59} {v} {v} {6} {0}
E {   62} {s} {s} {4} {0}

R {   55} {0} {} {55} { } {} {} {}
E {   54} {r} {r} {3} {0}
E {   52} {q} {q} {9} {0}
E {   56} {n} {n} {1} {0}
E {   61} {v} {v} {6} {0}
E {   64} {s} {s} {4} {0}

R {   56} {8} {} {56} { } {} {} {}
E {   53} {n} {n} {1} {0}
E {   55} {s} {s} {4} {0}

R {   57} {0} {} {57} { } {} {} {}
E {   54} {z} {z} {12} {0}
E {   58} {v} {v} {6} {0}
E {   60} {s} {s} {4} {0}

R {   58} {0} {} {58} { } {} {} {}
E {   57} {q} {q} {9} {0}
E {   59} {z} {z} {12} {0}
E {   70} {v} {v} {6} {0}
E {   71} {s} {s} {4} {0}

R {   59} {0} {} {59} { } {} {} {}
E {   58} {r} {r} {3} {0}
E {   54} {q} {q} {9} {0}
E {   60} {n} {n} {1} {0}
E {   61} {z} {z} {12} {0}
E {   67} {v} {v} {6} {0}
E {   69} {s} {s} {4} {0}

R {   60} {8} {} {60} { } {} {} {}
E {   57} {n} {n} {1} {0}
E {   59} {s} {s} {4} {0}

R {   61} {0} {} {61} { } {} {} {}
E {   59} {r} {r} {3} {0}
E {   55} {q} {q} {9} {0}
E {   62} {n} {n} {1} {0}
E {   63} {z} {z} {12} {0}
E {   66} {s} {s} {4} {0}
E {   68} {v} {v} {6} {0}

R {   62} {8} {} {62} { } {} {} {}
E {   54} {n} {n} {1} {0}
E {   61} {s} {s} {4} {0}

R {   63} {0} {} {63} { } {} {} {}
E {   61} {r} {r} {3} {0}
E {   64} {n} {n} {1} {0}
E {   65} {v} {v} {6} {0}

R {   64} {8} {} {64} { } {} {} {}
E {   55} {n} {n} {1} {0}
E {   63} {s} {s} {4} {0}

R {   65} {0} {} {65} { } {} {} {}
E {   63} {q} {q} {9} {0}
E {   66} {n} {n} {1} {0}
E {   68} {r} {r} {3} {0}
E {   79} {v} {v} {6} {0}

R {   66} {8} {} {66} { } {} {} {}
E {   61} {n} {n} {1} {0}
E {   65} {s} {s} {4} {0}

R {   67} {0} {} {67} { } {} {} {}
E {   59} {q} {q} {9} {0}
E {   68} {z} {z} {12} {0}
E {   70} {r} {r} {3} {0}
E {   71} {n} {n} {1} {0}
E {   75} {v} {v} {6} {0}
E {   78} {s} {s} {4} {0}

R {   68} {0} {} {68} { } {} {} {}
E {   67} {r} {r} {3} {0}
E {   69} {n} {n} {1} {0}
E {   61} {q} {q} {9} {0}
E {   65} {z} {z} {12} {0}
E {   77} {v} {v} {6} {0}
E {   80} {s} {s} {4} {0}

R {   69} {8} {} {69} { } {} {} {}
E {   59} {n} {n} {1} {0}
E {   68} {s} {s} {4} {0}

R {   70} {0} {} {70} { } {} {} {}
E {   67} {z} {z} {12} {0}
E {   58} {q} {q} {9} {0}
E {   72} {r} {r} {3} {0}
E {   73} {v} {v} {6} {0}
E {   76} {s} {s} {4} {0}

R {   71} {8} {} {71} { } {} {} {}
E {   58} {n} {n} {1} {0}
E {   67} {s} {s} {4} {0}

R {   72} {0} {} {72} { } {} {} {}
E {   70} {z} {z} {12} {0}
E {   74} {s} {s} {4} {0}
E {  352} {n} {n} {1} {0}

R {   73} {0} {} {73} { } {} {} {}
E {   70} {q} {q} {9} {0}
E {   74} {n} {n} {1} {0}
E {   75} {z} {z} {12} {0}
E {   82} {s} {s} {4} {0}

R {   74} {8} {} {74} { } {} {} {}
E {   72} {n} {n} {1} {0}
E {   73} {s} {s} {4} {0}

R {   75} {0} {} {75} { } {} {} {}
E {   73} {r} {r} {3} {0}
E {   76} {n} {n} {1} {0}
E {   67} {q} {q} {9} {0}
E {   77} {z} {z} {12} {0}
E {   81} {v} {v} {6} {0}
E {   84} {s} {s} {4} {0}

R {   76} {8} {} {76} { } {} {} {}
E {   70} {n} {n} {1} {0}
E {   75} {s} {s} {4} {0}

R {   77} {0} {} {77} { } {} {} {}
E {   75} {r} {r} {3} {0}
E {   78} {n} {n} {1} {0}
E {   68} {q} {q} {9} {0}
E {   79} {z} {z} {12} {0}
E {   83} {v} {v} {6} {0}
E {   86} {s} {s} {4} {0}

R {   78} {8} {} {78} { } {} {} {}
E {   67} {n} {n} {1} {0}
E {   77} {s} {s} {4} {0}

R {   79} {0} {} {79} { } {} {} {}
E {   65} {q} {q} {9} {0}
E {   80} {n} {n} {1} {0}
E {   77} {r} {r} {3} {0}
E {   85} {v} {v} {6} {0}
E {   88} {s} {s} {4} {0}

R {   80} {8} {} {80} { } {} {} {}
E {   68} {n} {n} {1} {0}
E {   79} {s} {s} {4} {0}

R {   81} {0} {} {81} { } {} {} {}
E {   75} {q} {q} {9} {0}
E {   82} {n} {n} {1} {0}
E {   83} {z} {z} {12} {0}
E {   91} {s} {s} {4} {0}

R {   82} {8} {} {82} { } {} {} {}
E {   73} {n} {n} {1} {0}
E {   81} {s} {s} {4} {0}

R {   83} {0} {<140>} {83} { } {} {} {}
E {   81} {r} {r} {3} {0}
E {   84} {n} {n} {1} {0}
E {   77} {q} {q} {9} {0}
E {   85} {z} {z} {12} {0}
E {   90} {v} {v} {6} {0}

R {   84} {8} {} {84} { } {} {} {}
E {   75} {n} {n} {1} {0}
E {   83} {s} {s} {4} {0}

R {   85} {0} {} {85} { } {} {} {}
E {   83} {r} {r} {3} {0}
E {   86} {n} {n} {1} {0}
E {   79} {q} {q} {9} {0}
E {   87} {z} {z} {12} {0}

R {   86} {8} {} {86} { } {} {} {}
E {   77} {n} {n} {1} {0}
E {   85} {s} {s} {4} {0}

R {   87} {0} {} {87} { } {} {} {}
E {   85} {r} {r} {3} {0}
E {   88} {n} {n} {1} {0}
E {   89} {z} {z} {12} {0}

R {   88} {8} {} {88} { } {} {} {}
E {   79} {n} {n} {1} {0}
E {   87} {s} {s} {4} {0}

R {   89} {0} {} {89} { } {} {} {}
E {   87} {r} {r} {3} {0}
E {   11} {z} {z} {12} {0}

R {   90} {0} {} {90} { } {} {} {}
E {   83} {q} {q} {9} {0}
E {   91} {n} {n} {1} {0}
E {   92} {v} {v} {6} {0}

R {   91} {8} {} {91} { } {} {} {}
E {   81} {n} {n} {1} {0}
E {   90} {s} {s} {4} {0}

R {   92} {0} {} {92} { } {} {} {}
E {   90} {q} {q} {9} {0}
E {   93} {v} {v} {6} {0}

R {   93} {0} {} {93} { } {} {} {}
E {   92} {q} {q} {9} {0}
E {   94} {v} {v} {6} {0}

R {   94} {0} {} {94} { } {} {} {}
E {   93} {q} {q} {9} {0}
E {   96} {n} {n} {1} {0}

R {   95} {0} {} {95} { } {} {} {}
E {   96} {s} {s} {4} {0}
E {   97} {w} {w} {8} {0}
E {   98} {e} {e} {2} {0}
E {   99} {n} {n} {1} {0}

R {   96} {8} {} {96} { } {} {} {}
E {   94} {s} {s} {4} {0}
E {   95} {n} {n} {1} {0}

R {   97} {0} {} {97} { } {} {} {}
E {   95} {e} {e} {2} {0}

R {   98} {0} {} {98} { } {} {} {}
E {   95} {w} {w} {8} {0}

R {   99} {0} {} {99} { } {} {} {}
E {   95} {s} {s} {4} {0}
E {  100} {r} {r} {3} {0}
E {  104} {q} {q} {9} {0}

R {  100} {0} {} {100} { } {} {} {}
E {   99} {z} {z} {12} {0}
E {  101} {u} {u} {16} {0}

R {  101} {0} {} {101} { } {} {} {}
E {  100} {d} {d} {32} {0}
E {  102} {u} {u} {16} {0}

R {  102} {0} {} {102} { } {} {} {}
E {  101} {d} {d} {32} {0}
E {  103} {n} {n} {1} {0}

R {  103} {0} {} {103} { } {} {} {}
E {  102} {s} {s} {4} {0}

R {  104} {0} {} {104} { } {} {} {}
E {   99} {v} {v} {6} {0}
E {  105} {u} {u} {16} {0}

R {  105} {0} {} {105} { } {} {} {}
E {  104} {d} {d} {32} {0}
E {  106} {u} {u} {16} {0}

R {  106} {0} {} {106} { } {} {} {}
E {  105} {d} {d} {32} {0}

R {  107} {0} {} {107} { } {} {} {}
E {   21} {v} {v} {6} {0}
E {  108} {q} {q} {9} {0}
E {   21} {se} {se} {6} {0}
E {  108} {nw} {nw} {9} {0}

R {  108} {0} {} {108} { } {} {} {}
E {  107} {v} {v} {6} {0}
E {  109} {q} {q} {9} {0}
E {  111} {n} {n} {1} {0}
E {  107} {se} {se} {6} {0}
E {  109} {nw} {nw} {9} {0}

R {  109} {0} {} {109} { } {} {} {}
E {  108} {v} {v} {6} {0}
E {  110} {r} {r} {3} {0}
E {  132} {n} {n} {1} {0}
E {  133} {q} {q} {9} {0}
E {  108} {se} {se} {6} {0}
E {  133} {nw} {nw} {9} {0}

R {  110} {0} {} {110} { } {} {} {}
E {  109} {z} {z} {12} {0}
E {  111} {s} {s} {4} {0}
E {  112} {r} {r} {3} {0}
E {  114} {q} {q} {9} {0}
E {  115} {n} {n} {1} {0}

R {  111} {8} {} {111} { } {} {} {}
E {  110} {n} {n} {1} {0}
E {  108} {s} {s} {4} {0}

R {  112} {0} {} {112} { } {} {} {}
E {  110} {z} {z} {12} {0}
E {  113} {q} {q} {9} {0}
E {  117} {n} {n} {1} {0}

R {  113} {0} {} {113} { } {} {} {}
E {  112} {v} {v} {6} {0}
E {  114} {z} {z} {12} {0}
E {  115} {s} {s} {4} {0}
E {  116} {r} {r} {3} {0}
E {  128} {n} {n} {1} {0}
E {  129} {q} {q} {9} {0}
E {  114} {sw} {sw} {12} {0}
E {  116} {ne} {ne} {3} {0}

R {  114} {0} {} {114} { } {} {} {}
E {  113} {r} {r} {3} {0}
E {  110} {v} {v} {6} {0}
E {  131} {n} {n} {1} {0}
E {  132} {s} {s} {4} {0}
E {  133} {z} {z} {12} {0}
E {  152} {q} {q} {9} {0}
E {  152} {nw} {nw} {9} {0}
E {  113} {ne} {ne} {3} {0}

R {  115} {8} {} {115} { } {} {} {}
E {  113} {n} {n} {1} {0}
E {  110} {s} {s} {4} {0}

R {  116} {0} {} {116} { } {} {} {}
E {  113} {z} {z} {12} {0}
E {  117} {s} {s} {4} {0}
E {  118} {r} {r} {3} {0}
E {  120} {q} {q} {9} {0}
E {  121} {n} {n} {1} {0}
E {  113} {sw} {sw} {12} {0}
E {  118} {ne} {ne} {3} {0}

R {  117} {8} {} {117} { } {} {} {}
E {  116} {n} {n} {1} {0}
E {  112} {s} {s} {4} {0}

R {  118} {0} {} {118} { } {} {} {}
E {  116} {z} {z} {12} {0}
E {  119} {q} {q} {9} {0}
E {  122} {r} {r} {3} {0}
E {  124} {n} {n} {1} {0}
E {  116} {sw} {sw} {12} {0}
E {  119} {nw} {nw} {9} {0}

R {  119} {0} {} {119} { } {} {} {}
E {  118} {v} {v} {6} {0}
E {  120} {z} {z} {12} {0}
E {  121} {s} {s} {4} {0}
E {  123} {r} {r} {3} {0}
E {  125} {q} {q} {9} {0}
E {  118} {se} {se} {6} {0}
E {  120} {sw} {sw} {12} {0}
E {  123} {ne} {ne} {3} {0}
E {  125} {nw} {nw} {9} {0}

R {  120} {0} {} {120} { } {} {} {}
E {  119} {r} {r} {3} {0}
E {  116} {v} {v} {6} {0}
E {  126} {q} {q} {9} {0}
E {  127} {n} {n} {1} {0}
E {  128} {s} {s} {4} {0}
E {  129} {z} {z} {12} {0}
E {  119} {ne} {ne} {3} {0}

R {  121} {8} {} {121} { } {} {} {}
E {  119} {n} {n} {1} {0}
E {  116} {s} {s} {4} {0}

R {  122} {0} {} {122} { } {} {} {}
E {  118} {z} {z} {12} {0}
E {  123} {q} {q} {9} {0}

R {  123} {0} {} {123} { } {} {} {}
E {  122} {v} {v} {6} {0}
E {  119} {z} {z} {12} {0}
E {  124} {s} {s} {4} {0}
E {  119} {sw} {sw} {12} {0}

R {  124} {8} {} {124} { } {} {} {}
E {  123} {n} {n} {1} {0}
E {  118} {s} {s} {4} {0}

R {  125} {0} {<130>} {125} { } {} {} {}
E {  119} {v} {v} {6} {0}
E {  126} {z} {z} {12} {0}
E {  127} {s} {s} {4} {0}
E {  119} {se} {se} {6} {0}
E {  126} {sw} {sw} {12} {0}

R {  126} {0} {} {126} { } {} {} {}
E {  125} {r} {r} {3} {0}
E {  120} {v} {v} {6} {0}
E {  130} {s} {s} {4} {0}
E {  154} {z} {z} {12} {0}
E {  125} {ne} {ne} {3} {0}
E {  154} {sw} {sw} {12} {0}

R {  127} {8} {} {127} { } {} {} {}
E {  125} {n} {n} {1} {0}
E {  120} {s} {s} {4} {0}

R {  128} {8} {} {128} { } {} {} {}
E {  120} {n} {n} {1} {0}
E {  113} {s} {s} {4} {0}

R {  129} {0} {} {129} { } {} {} {}
E {  113} {v} {v} {6} {0}
E {  120} {r} {r} {3} {0}
E {  130} {n} {n} {1} {0}
E {  131} {s} {s} {4} {0}
E {  152} {z} {z} {12} {0}
E {  154} {q} {q} {9} {0}

R {  130} {8} {} {130} { } {} {} {}
E {  126} {n} {n} {1} {0}
E {  129} {s} {s} {4} {0}

R {  131} {8} {} {131} { } {} {} {}
E {  129} {n} {n} {1} {0}
E {  114} {s} {s} {4} {0}

R {  132} {8} {} {132} { } {} {} {}
E {  114} {n} {n} {1} {0}
E {  109} {s} {s} {4} {0}

R {  133} {0} {<120>} {133} { } {} {} {}
E {  109} {v} {v} {6} {0}
E {  114} {r} {r} {3} {0}
E {  134} {q} {q} {9} {0}
E {  135} {z} {z} {12} {0}
E {  153} {n} {n} {1} {0}
E {  109} {se} {se} {6} {0}
E {  135} {sw} {sw} {12} {0}

R {  134} {0} {} {134} { } {} {} {}
E {  133} {v} {v} {6} {0}
E {  136} {s} {s} {4} {0}
E {  152} {r} {r} {3} {0}
E {  157} {n} {n} {1} {0}
E {  152} {ne} {ne} {3} {0}

R {  135} {0} {} {135} { } {} {} {}
E {  133} {r} {r} {3} {0}
E {  136} {n} {n} {1} {0}
E {  137} {z} {z} {12} {0}
E {  137} {sw} {sw} {12} {0}
E {  133} {ne} {ne} {3} {0}

R {  136} {8} {} {136} { } {} {} {}
E {  134} {n} {n} {1} {0}
E {  135} {s} {s} {4} {0}

R {  137} {0} {} {137} { } {} {} {}
E {  135} {r} {r} {3} {0}
E {  138} {z} {z} {12} {0}
E {  135} {ne} {ne} {3} {0}
E {  138} {sw} {sw} {12} {0}

R {  138} {0} {} {138} { } {} {} {}
E {  137} {r} {r} {3} {0}
E {  139} {z} {z} {12} {0}
E {  137} {ne} {ne} {3} {0}
E {  139} {sw} {sw} {12} {0}

R {  139} {0} {} {139} { } {} {} {}
E {  138} {r} {r} {3} {0}
E {  141} {n} {n} {1} {0}
E {  138} {ne} {ne} {3} {0}

R {  140} {0} {} {140} { } {} {} {}
E {  141} {s} {s} {4} {0}
E {  142} {w} {w} {8} {0}
E {  143} {e} {e} {2} {0}
E {  144} {n} {n} {1} {0}

R {  141} {8} {} {141} { } {} {} {}
E {  139} {s} {s} {4} {0}
E {  140} {n} {n} {1} {0}

R {  142} {0} {} {142} { } {} {} {}
E {  140} {e} {e} {2} {0}

R {  143} {0} {} {143} { } {} {} {}
E {  140} {w} {w} {8} {0}

R {  144} {0} {} {144} { } {} {} {}
E {  140} {s} {s} {4} {0}
E {  145} {r} {r} {3} {0}
E {  149} {q} {q} {9} {0}
E {  149} {nw} {nw} {9} {0}
E {  145} {ne} {ne} {3} {0}

R {  145} {0} {} {145} { } {} {} {}
E {  144} {z} {z} {12} {0}
E {  146} {u} {u} {16} {0}
E {  144} {sw} {sw} {12} {0}

R {  146} {0} {} {146} { } {} {} {}
E {  145} {d} {d} {32} {0}
E {  147} {u} {u} {16} {0}

R {  147} {0} {} {147} { } {} {} {}
E {  146} {d} {d} {32} {0}
E {  148} {n} {n} {1} {0}

R {  148} {0} {} {148} { } {} {} {}
E {  147} {s} {s} {4} {0}

R {  149} {0} {} {149} { } {} {} {}
E {  144} {v} {v} {6} {0}
E {  150} {u} {u} {16} {0}
E {  144} {se} {se} {6} {0}

R {  150} {0} {} {150} { } {} {} {}
E {  149} {d} {d} {32} {0}
E {  151} {u} {u} {16} {0}

R {  151} {0} {} {151} { } {} {} {}
E {  150} {d} {d} {32} {0}

R {  152} {0} {} {152} { } {} {} {}
E {  134} {z} {z} {12} {0}
E {  114} {v} {v} {6} {0}
E {  153} {s} {s} {4} {0}
E {  129} {r} {r} {3} {0}
E {  155} {q} {q} {9} {0}
E {  156} {n} {n} {1} {0}
E {  134} {sw} {sw} {12} {0}
E {  114} {se} {se} {6} {0}

R {  153} {8} {} {153} { } {} {} {}
E {  152} {n} {n} {1} {0}
E {  133} {s} {s} {4} {0}

R {  154} {0} {} {154} { } {} {} {}
E {  129} {v} {v} {6} {0}
E {  126} {r} {r} {3} {0}
E {  155} {z} {z} {12} {0}
E {  156} {s} {s} {4} {0}
E {  158} {q} {q} {9} {0}
E {  126} {ne} {ne} {3} {0}
E {  155} {sw} {sw} {12} {0}

R {  155} {0} {} {155} { } {} {} {}
E {  154} {r} {r} {3} {0}
E {  152} {v} {v} {6} {0}
E {  157} {s} {s} {4} {0}
E {  159} {n} {n} {1} {0}
E {  154} {ne} {ne} {3} {0}

R {  156} {8} {} {156} { } {} {} {}
E {  154} {n} {n} {1} {0}
E {  152} {s} {s} {4} {0}

R {  157} {8} {} {157} { } {} {} {}
E {  155} {n} {n} {1} {0}
E {  134} {s} {s} {4} {0}

R {  158} {0} {} {158} { } {} {} {}
E {  154} {v} {v} {6} {0}
E {  159} {s} {s} {4} {0}
E {  161} {n} {n} {1} {0}

R {  159} {8} {} {159} { } {} {} {}
E {  158} {n} {n} {1} {0}
E {  155} {s} {s} {4} {0}

R {  160} {0} {} {160} { } {} {} {}
E {  161} {s} {s} {4} {0}
E {  163} {n} {n} {1} {0}

R {  161} {8} {} {161} { } {} {} {}
E {  158} {s} {s} {4} {0}
E {  160} {n} {n} {1} {0}

R {  162} {0} {} {162} { } {} {} {}
E {  163} {s} {s} {4} {0}
E {  164} {r} {r} {3} {0}
E {  166} {n} {n} {1} {0}

R {  163} {8} {} {163} { } {} {} {}
E {  160} {s} {s} {4} {0}
E {  162} {n} {n} {1} {0}

R {  164} {0} {} {164} { } {} {} {}
E {  162} {z} {z} {12} {0}
E {  165} {q} {q} {9} {0}
E {  167} {v} {v} {6} {0}
E {  172} {r} {r} {3} {0}
E {  175} {n} {n} {1} {0}

R {  165} {0} {} {165} { } {} {} {}
E {  164} {v} {v} {6} {0}
E {  166} {s} {s} {4} {0}
E {  174} {r} {r} {3} {0}
E {  177} {n} {n} {1} {0}

R {  166} {8} {} {166} { } {} {} {}
E {  165} {n} {n} {1} {0}
E {  162} {s} {s} {4} {0}

R {  167} {0} {} {167} { } {} {} {}
E {  164} {q} {q} {9} {0}
E {  168} {v} {v} {6} {0}
E {  170} {r} {r} {3} {0}
E {  173} {n} {n} {1} {0}

R {  168} {0} {} {168} { } {} {} {}
E {  167} {q} {q} {9} {0}
E {  169} {r} {r} {3} {0}
E {  171} {n} {n} {1} {0}

R {  169} {0} {} {169} { } {} {} {}
E {  168} {z} {z} {12} {0}
E {  170} {q} {q} {9} {0}
E {  187} {r} {r} {3} {0}
E {  188} {n} {n} {1} {0}
E {  189} {v} {v} {6} {0}

R {  170} {0} {} {170} { } {} {} {}
E {  169} {v} {v} {6} {0}
E {  167} {z} {z} {12} {0}
E {  171} {s} {s} {4} {0}
E {  172} {q} {q} {9} {0}
E {  185} {r} {r} {3} {0}
E {  186} {n} {n} {1} {0}

R {  171} {8} {} {171} { } {} {} {}
E {  170} {n} {n} {1} {0}
E {  168} {s} {s} {4} {0}

R {  172} {0} {} {172} { } {} {} {}
E {  170} {v} {v} {6} {0}
E {  164} {z} {z} {12} {0}
E {  173} {s} {s} {4} {0}
E {  174} {q} {q} {9} {0}
E {  183} {r} {r} {3} {0}
E {  184} {n} {n} {1} {0}

R {  173} {8} {} {173} { } {} {} {}
E {  172} {n} {n} {1} {0}
E {  167} {s} {s} {4} {0}

R {  174} {0} {} {174} { } {} {} {}
E {  172} {v} {v} {6} {0}
E {  165} {z} {z} {12} {0}
E {  175} {s} {s} {4} {0}
E {  176} {q} {q} {9} {0}
E {  181} {r} {r} {3} {0}
E {  182} {n} {n} {1} {0}

R {  175} {8} {} {175} { } {} {} {}
E {  174} {n} {n} {1} {0}
E {  164} {s} {s} {4} {0}

R {  176} {0} {} {176} { } {} {} {}
E {  174} {v} {v} {6} {0}
E {  177} {s} {s} {4} {0}
E {  178} {r} {r} {3} {0}
E {  180} {n} {n} {1} {0}

R {  177} {8} {} {177} { } {} {} {}
E {  176} {n} {n} {1} {0}
E {  165} {s} {s} {4} {0}

R {  178} {0} {} {178} { } {} {} {}
E {  176} {z} {z} {12} {0}
E {  179} {q} {q} {9} {0}
E {  181} {v} {v} {6} {0}
E {  182} {s} {s} {4} {0}
E {  201} {r} {r} {3} {0}
E {  204} {n} {n} {1} {0}

R {  179} {0} {<100>} {179} { } {} {} {}
E {  178} {v} {v} {6} {0}
E {  180} {s} {s} {4} {0}
E {  203} {r} {r} {3} {0}
E {  205} {q} {q} {9} {0}
E {  205} {nw} {nw} {9} {0}

R {  180} {8} {} {180} { } {} {} {}
E {  179} {n} {n} {1} {0}
E {  176} {s} {s} {4} {0}

R {  181} {0} {} {181} { } {} {} {}
E {  178} {q} {q} {9} {0}
E {  174} {z} {z} {12} {0}
E {  183} {v} {v} {6} {0}
E {  184} {s} {s} {4} {0}
E {  199} {r} {r} {3} {0}
E {  202} {n} {n} {1} {0}

R {  182} {8} {} {182} { } {} {} {}
E {  178} {n} {n} {1} {0}
E {  174} {s} {s} {4} {0}

R {  183} {0} {} {183} { } {} {} {}
E {  181} {q} {q} {9} {0}
E {  172} {z} {z} {12} {0}
E {  185} {v} {v} {6} {0}
E {  186} {s} {s} {4} {0}
E {  197} {r} {r} {3} {0}
E {  200} {n} {n} {1} {0}

R {  184} {8} {} {184} { } {} {} {}
E {  181} {n} {n} {1} {0}
E {  172} {s} {s} {4} {0}

R {  185} {0} {} {185} { } {} {} {}
E {  183} {q} {q} {9} {0}
E {  170} {z} {z} {12} {0}
E {  187} {v} {v} {6} {0}
E {  188} {s} {s} {4} {0}
E {  195} {r} {r} {3} {0}
E {  198} {n} {n} {1} {0}

R {  186} {8} {} {186} { } {} {} {}
E {  183} {n} {n} {1} {0}
E {  170} {s} {s} {4} {0}

R {  187} {0} {<130>} {187} { } {} {} {}
E {  185} {q} {q} {9} {0}
E {  169} {z} {z} {12} {0}
E {  190} {v} {v} {6} {0}
E {  191} {s} {s} {4} {0}
E {  193} {r} {r} {3} {0}
E {  196} {n} {n} {1} {0}

R {  188} {8} {} {188} { } {} {} {}
E {  185} {n} {n} {1} {0}
E {  169} {s} {s} {4} {0}

R {  189} {0} {} {189} { } {} {} {}
E {  169} {q} {q} {9} {0}
E {  190} {r} {r} {3} {0}
E {  191} {n} {n} {1} {0}

R {  190} {0} {<130>} {190} { } {} {} {}
E {  189} {z} {z} {12} {0}
E {  187} {q} {q} {9} {0}
E {  192} {r} {r} {3} {0}
E {  194} {n} {n} {1} {0}

R {  191} {8} {} {191} { } {} {} {}
E {  187} {n} {n} {1} {0}
E {  189} {s} {s} {4} {0}

R {  192} {0} {} {192} { } {} {} {}
E {  190} {z} {z} {12} {0}
E {  193} {q} {q} {9} {0}
E {  228} {r} {r} {3} {0}
E {  229} {n} {n} {1} {0}

R {  193} {0} {} {193} { } {} {} {}
E {  192} {v} {v} {6} {0}
E {  187} {z} {z} {12} {0}
E {  194} {s} {s} {4} {0}
E {  195} {q} {q} {9} {0}
E {  227} {r} {r} {3} {0}

R {  194} {8} {} {194} { } {} {} {}
E {  193} {n} {n} {1} {0}
E {  190} {s} {s} {4} {0}

R {  195} {0} {} {195} { } {} {} {}
E {  193} {v} {v} {6} {0}
E {  185} {z} {z} {12} {0}
E {  196} {s} {s} {4} {0}
E {  197} {q} {q} {9} {0}
E {  226} {n} {n} {1} {0}

R {  196} {8} {} {196} { } {} {} {}
E {  195} {n} {n} {1} {0}
E {  187} {s} {s} {4} {0}

R {  197} {0} {} {197} { } {} {} {}
E {  195} {v} {v} {6} {0}
E {  183} {z} {z} {12} {0}
E {  198} {s} {s} {4} {0}
E {  199} {q} {q} {9} {0}
E {  224} {r} {r} {3} {0}
E {  225} {n} {n} {1} {0}

R {  198} {8} {} {198} { } {} {} {}
E {  197} {n} {n} {1} {0}
E {  185} {s} {s} {4} {0}

R {  199} {0} {} {199} { } {} {} {}
E {  197} {v} {v} {6} {0}
E {  181} {z} {z} {12} {0}
E {  200} {s} {s} {4} {0}
E {  201} {q} {q} {9} {0}
E {  222} {r} {r} {3} {0}
E {  223} {n} {n} {1} {0}

R {  200} {8} {} {200} { } {} {} {}
E {  199} {n} {n} {1} {0}
E {  183} {s} {s} {4} {0}

R {  201} {0} {} {201} { } {} {} {}
E {  199} {v} {v} {6} {0}
E {  178} {z} {z} {12} {0}
E {  202} {s} {s} {4} {0}
E {  203} {q} {q} {9} {0}
E {  220} {r} {r} {3} {0}
E {  221} {n} {n} {1} {0}

R {  202} {8} {} {202} { } {} {} {}
E {  201} {n} {n} {1} {0}
E {  181} {s} {s} {4} {0}

R {  203} {0} {} {203} { } {} {} {}
E {  201} {v} {v} {6} {0}
E {  179} {z} {z} {12} {0}
E {  204} {s} {s} {4} {0}
E {  219} {r} {r} {3} {0}

R {  204} {8} {} {204} { } {} {} {}
E {  203} {n} {n} {1} {0}
E {  178} {s} {s} {4} {0}

R {  205} {0} {} {205} { } {} {} {}
E {  179} {v} {v} {6} {0}
E {  206} {q} {q} {9} {0}
E {  179} {se} {se} {6} {0}
E {  206} {nw} {nw} {9} {0}

R {  206} {0} {} {206} { } {} {} {}
E {  205} {v} {v} {6} {0}
E {  207} {q} {q} {9} {0}
E {  205} {se} {se} {6} {0}
E {  207} {nw} {nw} {9} {0}

R {  207} {0} {} {207} { } {} {} {}
E {  206} {v} {v} {6} {0}
E {  208} {n} {n} {1} {0}
E {  206} {se} {se} {6} {0}

R {  208} {0} {} {208} { } {} {} {}
E {  207} {s} {s} {4} {0}
E {  209} {w} {w} {8} {0}
E {  210} {e} {e} {2} {0}
E {  211} {n} {n} {1} {0}
E {  367} {d} {d} {32} {0}

R {  209} {0} {} {209} { } {} {} {}
E {  208} {e} {e} {2} {0}

R {  210} {0} {} {210} { } {} {} {}
E {  208} {w} {w} {8} {0}

R {  211} {0} {} {211} { } {} {} {}
E {  208} {s} {s} {4} {0}
E {  212} {r} {r} {3} {0}
E {  216} {q} {q} {9} {0}

R {  212} {0} {} {212} { } {} {} {}
E {  211} {z} {z} {12} {0}
E {  213} {u} {u} {16} {0}

R {  213} {0} {} {213} { } {} {} {}
E {  212} {d} {d} {32} {0}
E {  214} {u} {u} {16} {0}

R {  214} {0} {} {214} { } {} {} {}
E {  213} {d} {d} {32} {0}
E {  215} {n} {n} {1} {0}

R {  215} {0} {} {215} { } {} {} {}
E {  214} {s} {s} {4} {0}

R {  216} {0} {} {216} { } {} {} {}
E {  211} {v} {v} {6} {0}
E {  217} {u} {u} {16} {0}

R {  217} {0} {} {217} { } {} {} {}
E {  216} {d} {d} {32} {0}
E {  218} {u} {u} {16} {0}

R {  218} {0} {} {218} { } {} {} {}
E {  217} {d} {d} {32} {0}

R {  219} {0} {} {219} { } {} {} {}
E {  203} {z} {z} {12} {0}
E {  220} {v} {v} {6} {0}
E {  221} {s} {s} {4} {0}
E {  262} {r} {r} {3} {0}

R {  220} {0} {} {220} { } {} {} {}
E {  219} {q} {q} {9} {0}
E {  201} {z} {z} {12} {0}
E {  222} {v} {v} {6} {0}
E {  223} {s} {s} {4} {0}
E {  263} {n} {n} {1} {0}

R {  221} {8} {} {221} { } {} {} {}
E {  219} {n} {n} {1} {0}
E {  201} {s} {s} {4} {0}

R {  222} {0} {} {222} { } {} {} {}
E {  220} {q} {q} {9} {0}
E {  199} {z} {z} {12} {0}
E {  224} {v} {v} {6} {0}
E {  225} {s} {s} {4} {0}

R {  223} {8} {} {223} { } {} {} {}
E {  220} {n} {n} {1} {0}
E {  199} {s} {s} {4} {0}

R {  224} {0} {} {224} { } {} {} {}
E {  222} {q} {q} {9} {0}
E {  197} {z} {z} {12} {0}
E {  226} {s} {s} {4} {0}

R {  225} {8} {} {225} { } {} {} {}
E {  222} {n} {n} {1} {0}
E {  197} {s} {s} {4} {0}

R {  226} {8} {} {226} { } {} {} {}
E {  224} {n} {n} {1} {0}
E {  195} {s} {s} {4} {0}

R {  227} {0} {} {227} { } {} {} {}
E {  193} {z} {z} {12} {0}
E {  228} {v} {v} {6} {0}
E {  229} {s} {s} {4} {0}
E {  231} {r} {r} {3} {0}
E {  234} {n} {n} {1} {0}

R {  228} {0} {} {228} { } {} {} {}
E {  227} {q} {q} {9} {0}
E {  192} {z} {z} {12} {0}
E {  230} {r} {r} {3} {0}
E {  232} {n} {n} {1} {0}
E {  252} {v} {v} {6} {0}

R {  229} {8} {} {229} { } {} {} {}
E {  227} {n} {n} {1} {0}
E {  192} {s} {s} {4} {0}

R {  230} {0} {} {230} { } {} {} {}
E {  228} {z} {z} {12} {0}
E {  231} {q} {q} {9} {0}
E {  250} {n} {n} {1} {0}
E {  251} {v} {v} {6} {0}
E {  253} {s} {s} {4} {0}

R {  231} {0} {} {231} { } {} {} {}
E {  230} {v} {v} {6} {0}
E {  227} {z} {z} {12} {0}
E {  232} {s} {s} {4} {0}
E {  233} {q} {q} {9} {0}
E {  248} {r} {r} {3} {0}
E {  249} {n} {n} {1} {0}

R {  232} {8} {} {232} { } {} {} {}
E {  231} {n} {n} {1} {0}
E {  228} {s} {s} {4} {0}

R {  233} {0} {} {233} { } {} {} {}
E {  231} {v} {v} {6} {0}
E {  234} {s} {s} {4} {0}
E {  235} {q} {q} {9} {0}
E {  237} {r} {r} {3} {0}
E {  238} {n} {n} {1} {0}

R {  234} {8} {} {234} { } {} {} {}
E {  233} {n} {n} {1} {0}
E {  227} {s} {s} {4} {0}

R {  235} {0} {} {235} { } {} {} {}
E {  233} {v} {v} {6} {0}
E {  236} {r} {r} {3} {0}
E {  240} {n} {n} {1} {0}

R {  236} {0} {} {236} { } {} {} {}
E {  235} {z} {z} {12} {0}
E {  237} {v} {v} {6} {0}
E {  238} {s} {s} {4} {0}
E {  239} {q} {q} {9} {0}
E {  244} {r} {r} {3} {0}
E {  245} {n} {n} {1} {0}

R {  237} {0} {} {237} { } {} {} {}
E {  236} {q} {q} {9} {0}
E {  233} {z} {z} {12} {0}
E {  246} {r} {r} {3} {0}
E {  247} {n} {n} {1} {0}
E {  248} {v} {v} {6} {0}
E {  249} {s} {s} {4} {0}

R {  238} {8} {} {238} { } {} {} {}
E {  236} {n} {n} {1} {0}
E {  233} {s} {s} {4} {0}

R {  239} {0} {<130>} {239} { } {} {} {}
E {  236} {v} {v} {6} {0}
E {  240} {s} {s} {4} {0}
E {  241} {r} {r} {3} {0}
E {  243} {n} {n} {1} {0}

R {  240} {8} {} {240} { } {} {} {}
E {  239} {n} {n} {1} {0}
E {  235} {s} {s} {4} {0}

R {  241} {0} {} {241} { } {} {} {}
E {  239} {z} {z} {12} {0}
E {  242} {q} {q} {9} {0}
E {  244} {v} {v} {6} {0}
E {  245} {s} {s} {4} {0}
E {  267} {r} {r} {3} {0}
E {  268} {n} {n} {1} {0}

R {  242} {0} {} {242} { } {} {} {}
E {  241} {v} {v} {6} {0}
E {  243} {s} {s} {4} {0}
E {  260} {q} {q} {9} {0}
E {  265} {r} {r} {3} {0}
E {  266} {n} {n} {1} {0}

R {  243} {8} {} {243} { } {} {} {}
E {  242} {n} {n} {1} {0}
E {  239} {s} {s} {4} {0}

R {  244} {0} {} {244} { } {} {} {}
E {  241} {q} {q} {9} {0}
E {  236} {z} {z} {12} {0}
E {  246} {v} {v} {6} {0}
E {  247} {s} {s} {4} {0}
E {  269} {r} {r} {3} {0}
E {  271} {n} {n} {1} {0}

R {  245} {8} {} {245} { } {} {} {}
E {  241} {n} {n} {1} {0}
E {  236} {s} {s} {4} {0}

R {  246} {0} {} {246} { } {} {} {}
E {  244} {q} {q} {9} {0}
E {  237} {z} {z} {12} {0}
E {  273} {s} {s} {4} {0}
E {  274} {v} {v} {6} {0}
E {  275} {r} {r} {3} {0}
E {  277} {n} {n} {1} {0}

R {  247} {8} {} {247} { } {} {} {}
E {  244} {n} {n} {1} {0}
E {  237} {s} {s} {4} {0}

R {  248} {0} {} {248} { } {} {} {}
E {  237} {q} {q} {9} {0}
E {  231} {z} {z} {12} {0}
E {  250} {s} {s} {4} {0}
E {  273} {n} {n} {1} {0}
E {  274} {r} {r} {3} {0}

R {  249} {8} {} {249} { } {} {} {}
E {  237} {n} {n} {1} {0}
E {  231} {s} {s} {4} {0}

R {  250} {8} {} {250} { } {} {} {}
E {  248} {n} {n} {1} {0}
E {  230} {s} {s} {4} {0}

R {  251} {0} {} {251} { } {} {} {}
E {  230} {q} {q} {9} {0}
E {  252} {z} {z} {12} {0}
E {  255} {v} {v} {6} {0}
E {  256} {s} {s} {4} {0}
E {  305} {r} {r} {3} {0}

R {  252} {0} {} {252} { } {} {} {}
E {  251} {r} {r} {3} {0}
E {  228} {q} {q} {9} {0}
E {  253} {n} {n} {1} {0}
E {  254} {v} {v} {6} {0}

R {  253} {8} {} {253} { } {} {} {}
E {  230} {n} {n} {1} {0}
E {  252} {s} {s} {4} {0}

R {  254} {0} {<130>} {254} { } {} {} {}
E {  252} {q} {q} {9} {0}
E {  255} {r} {r} {3} {0}
E {  256} {n} {n} {1} {0}
E {  257} {v} {v} {6} {0}

R {  255} {0} {} {255} { } {} {} {}
E {  254} {z} {z} {12} {0}
E {  251} {q} {q} {9} {0}
E {  258} {s} {s} {4} {0}
E {  259} {v} {v} {6} {0}
E {  307} {n} {n} {1} {0}
E {  308} {r} {r} {3} {0}

R {  256} {8} {} {256} { } {} {} {}
E {  254} {s} {s} {4} {0}
E {  251} {n} {n} {1} {0}

R {  257} {0} {} {257} { } {} {} {}
E {  254} {q} {q} {9} {0}
E {  258} {n} {n} {1} {0}
E {  259} {r} {r} {3} {0}

R {  258} {8} {} {258} { } {} {} {}
E {  255} {n} {n} {1} {0}
E {  257} {s} {s} {4} {0}

R {  259} {0} {} {259} { } {} {} {}
E {  257} {z} {z} {12} {0}
E {  255} {q} {q} {9} {0}
E {  309} {r} {r} {3} {0}
E {  310} {n} {n} {1} {0}

R {  260} {0} {} {260} { } {} {} {}
E {  242} {v} {v} {6} {0}
E {  261} {z} {z} {12} {0}
E {  264} {r} {r} {3} {0}

R {  261} {0} {} {261} { } {} {} {}
E {  260} {r} {r} {3} {0}
E {  262} {z} {z} {12} {0}

R {  262} {0} {} {262} { } {} {} {}
E {  261} {r} {r} {3} {0}
E {  219} {z} {z} {12} {0}
E {  263} {s} {s} {4} {0}

R {  263} {8} {} {263} { } {} {} {}
E {  262} {n} {n} {1} {0}
E {  220} {s} {s} {4} {0}

R {  264} {0} {} {264} { } {} {} {}
E {  260} {z} {z} {12} {0}
E {  265} {v} {v} {6} {0}
E {  266} {s} {s} {4} {0}
E {  278} {r} {r} {3} {0}

R {  265} {0} {} {265} { } {} {} {}
E {  264} {q} {q} {9} {0}
E {  242} {z} {z} {12} {0}
E {  267} {v} {v} {6} {0}
E {  268} {s} {s} {4} {0}
E {  281} {r} {r} {3} {0}
E {  283} {n} {n} {1} {0}

R {  266} {8} {} {266} { } {} {} {}
E {  264} {n} {n} {1} {0}
E {  242} {s} {s} {4} {0}

R {  267} {0} {} {267} { } {} {} {}
E {  265} {q} {q} {9} {0}
E {  241} {z} {z} {12} {0}
E {  269} {v} {v} {6} {0}
E {  271} {s} {s} {4} {0}
E {  284} {r} {r} {3} {0}
E {  285} {n} {n} {1} {0}

R {  268} {8} {} {268} { } {} {} {}
E {  265} {n} {n} {1} {0}
E {  270} {s} {s} {4} {0}

R {  269} {0} {} {269} { } {} {} {}
E {  267} {q} {q} {9} {0}
E {  244} {z} {z} {12} {0}
E {  275} {v} {v} {6} {0}
E {  277} {s} {s} {4} {0}
E {  288} {r} {r} {3} {0}
E {  289} {n} {n} {1} {0}

R {  270} {8} {} {270} { } {} {} {}
E {  268} {n} {n} {1} {0}
E {  272} {s} {s} {4} {0}

R {  271} {8} {} {271} { } {} {} {}
E {  267} {n} {n} {1} {0}
E {  244} {s} {s} {4} {0}

R {  272} {8} {} {272} { } {} {} {}
E {  270} {n} {n} {1} {0}
E {  248} {s} {s} {4} {0}

R {  273} {8} {} {273} { } {} {} {}
E {  246} {n} {n} {1} {0}
E {  248} {s} {s} {4} {0}

R {  274} {0} {} {274} { } {} {} {}
E {  248} {z} {z} {12} {0}
E {  246} {q} {q} {9} {0}
E {  276} {n} {n} {1} {0}

R {  275} {0} {} {275} { } {} {} {}
E {  246} {z} {z} {12} {0}
E {  276} {s} {s} {4} {0}
E {  269} {q} {q} {9} {0}
E {  290} {n} {n} {1} {0}

R {  276} {8} {} {276} { } {} {} {}
E {  275} {n} {n} {1} {0}
E {  274} {s} {s} {4} {0}

R {  277} {8} {} {277} { } {} {} {}
E {  246} {s} {s} {4} {0}
E {  269} {n} {n} {1} {0}

R {  278} {0} {} {278} { } {} {} {}
E {  264} {z} {z} {12} {0}
E {  279} {r} {r} {3} {0}
E {  281} {v} {v} {6} {0}
E {  283} {s} {s} {4} {0}

R {  279} {0} {<110>} {279} { } {} {} {}
E {  278} {z} {z} {12} {0}
E {  280} {v} {v} {6} {0}
E {  282} {s} {s} {4} {0}
E {  353} {n} {n} {1} {0}

R {  280} {0} {} {280} { } {} {} {}
E {  279} {q} {q} {9} {0}
E {  281} {z} {z} {12} {0}
E {  286} {v} {v} {6} {0}
E {  287} {s} {s} {4} {0}

R {  281} {0} {} {281} { } {} {} {}
E {  280} {r} {r} {3} {0}
E {  282} {n} {n} {1} {0}
E {  278} {q} {q} {9} {0}
E {  265} {z} {z} {12} {0}
E {  284} {v} {v} {6} {0}
E {  285} {s} {s} {4} {0}

R {  282} {8} {} {282} { } {} {} {}
E {  279} {n} {n} {1} {0}
E {  281} {s} {s} {4} {0}

R {  283} {8} {} {283} { } {} {} {}
E {  278} {n} {n} {1} {0}
E {  265} {s} {s} {4} {0}

R {  284} {0} {} {284} { } {} {} {}
E {  281} {q} {q} {9} {0}
E {  267} {z} {z} {12} {0}
E {  286} {r} {r} {3} {0}
E {  287} {n} {n} {1} {0}
E {  288} {v} {v} {6} {0}
E {  289} {s} {s} {4} {0}

R {  285} {8} {} {285} { } {} {} {}
E {  281} {n} {n} {1} {0}
E {  267} {s} {s} {4} {0}

R {  286} {0} {} {286} { } {} {} {}
E {  284} {z} {z} {12} {0}
E {  280} {q} {q} {9} {0}
E {  291} {v} {v} {6} {0}
E {  292} {s} {s} {4} {0}

R {  287} {8} {} {287} { } {} {} {}
E {  280} {n} {n} {1} {0}
E {  284} {s} {s} {4} {0}

R {  288} {0} {} {288} { } {} {} {}
E {  284} {q} {q} {9} {0}
E {  269} {z} {z} {12} {0}
E {  290} {s} {s} {4} {0}
E {  291} {r} {r} {3} {0}
E {  292} {n} {n} {1} {0}

R {  289} {8} {} {289} { } {} {} {}
E {  284} {n} {n} {1} {0}
E {  269} {s} {s} {4} {0}

R {  290} {8} {} {290} { } {} {} {}
E {  288} {n} {n} {1} {0}
E {  275} {s} {s} {4} {0}

R {  291} {0} {} {291} { } {} {} {}
E {  288} {z} {z} {12} {0}
E {  286} {q} {q} {9} {0}
E {  293} {v} {v} {6} {0}

R {  292} {8} {} {292} { } {} {} {}
E {  286} {n} {n} {1} {0}
E {  288} {s} {s} {4} {0}

R {  293} {0} {} {293} { } {} {} {}
E {  291} {q} {q} {9} {0}
E {  294} {v} {v} {6} {0}

R {  294} {0} {} {294} { } {} {} {}
E {  293} {q} {q} {9} {0}
E {  295} {v} {v} {6} {0}
E {  297} {s} {s} {4} {0}

R {  295} {0} {} {295} { } {} {} {}
E {  294} {q} {q} {9} {0}
E {  296} {z} {z} {12} {0}
E {  320} {v} {v} {6} {0}
E {  321} {s} {s} {4} {0}

R {  296} {0} {} {296} { } {} {} {}
E {  295} {r} {r} {3} {0}
E {  297} {n} {n} {1} {0}
E {  298} {z} {z} {12} {0}
E {  303} {v} {v} {6} {0}
E {  304} {s} {s} {4} {0}

R {  297} {8} {} {297} { } {} {} {}
E {  294} {n} {n} {1} {0}
E {  296} {s} {s} {4} {0}

R {  298} {0} {} {298} { } {} {} {}
E {  296} {r} {r} {3} {0}
E {  299} {z} {z} {12} {0}
E {  301} {s} {s} {4} {0}
E {  302} {v} {v} {6} {0}

R {  299} {0} {<130>} {299} { } {} {} {}
E {  298} {r} {r} {3} {0}
E {  300} {v} {v} {6} {0}
E {  306} {s} {s} {4} {0}

R {  300} {0} {} {300} { } {} {} {}
E {  299} {q} {q} {9} {0}
E {  301} {n} {n} {1} {0}
E {  302} {r} {r} {3} {0}
E {  305} {z} {z} {12} {0}
E {  312} {v} {v} {6} {0}
E {  317} {s} {s} {4} {0}

R {  301} {8} {} {301} { } {} {} {}
E {  298} {n} {n} {1} {0}
E {  300} {s} {s} {4} {0}

R {  302} {0} {} {302} { } {} {} {}
E {  300} {z} {z} {12} {0}
E {  298} {q} {q} {9} {0}
E {  303} {r} {r} {3} {0}
E {  304} {n} {n} {1} {0}
E {  318} {v} {v} {6} {0}
E {  319} {s} {s} {4} {0}

R {  303} {0} {} {303} { } {} {} {}
E {  296} {q} {q} {9} {0}
E {  302} {z} {z} {12} {0}
E {  320} {r} {r} {3} {0}
E {  321} {n} {n} {1} {0}
E {  323} {v} {v} {6} {0}
E {  325} {s} {s} {4} {0}

R {  304} {8} {} {304} { } {} {} {}
E {  296} {n} {n} {1} {0}
E {  302} {s} {s} {4} {0}

R {  305} {0} {} {305} { } {} {} {}
E {  300} {r} {r} {3} {0}
E {  306} {n} {n} {1} {0}
E {  251} {z} {z} {12} {0}
E {  307} {s} {s} {4} {0}
E {  308} {v} {v} {6} {0}

R {  306} {8} {} {306} { } {} {} {}
E {  299} {n} {n} {1} {0}
E {  305} {s} {s} {4} {0}

R {  307} {8} {} {307} { } {} {} {}
E {  305} {n} {n} {1} {0}
E {  255} {s} {s} {4} {0}

R {  308} {0} {} {308} { } {} {} {}
E {  255} {z} {z} {12} {0}
E {  305} {q} {q} {9} {0}
E {  309} {v} {v} {6} {0}
E {  310} {s} {s} {4} {0}
E {  312} {r} {r} {3} {0}
E {  317} {n} {n} {1} {0}

R {  309} {0} {} {309} { } {} {} {}
E {  308} {q} {q} {9} {0}
E {  259} {z} {z} {12} {0}
E {  311} {r} {r} {3} {0}
E {  313} {n} {n} {1} {0}
E {  315} {v} {v} {6} {0}

R {  310} {8} {} {310} { } {} {} {}
E {  308} {n} {n} {1} {0}
E {  259} {s} {s} {4} {0}

R {  311} {0} {} {311} { } {} {} {}
E {  309} {z} {z} {12} {0}
E {  312} {q} {q} {9} {0}
E {  314} {v} {v} {6} {0}
E {  316} {s} {s} {4} {0}
E {  326} {r} {r} {3} {0}
E {  327} {n} {n} {1} {0}

R {  312} {0} {} {312} { } {} {} {}
E {  311} {v} {v} {6} {0}
E {  308} {z} {z} {12} {0}
E {  313} {s} {s} {4} {0}
E {  300} {q} {q} {9} {0}
E {  318} {r} {r} {3} {0}
E {  319} {n} {n} {1} {0}

R {  313} {8} {} {313} { } {} {} {}
E {  312} {n} {n} {1} {0}
E {  309} {s} {s} {4} {0}

R {  314} {0} {} {314} { } {} {} {}
E {  311} {q} {q} {9} {0}
E {  315} {z} {z} {12} {0}
E {  328} {r} {r} {3} {0}
E {  329} {n} {n} {1} {0}
E {  348} {v} {v} {6} {0}

R {  315} {0} {} {315} { } {} {} {}
E {  314} {r} {r} {3} {0}
E {  316} {n} {n} {1} {0}
E {  309} {q} {q} {9} {0}

R {  316} {8} {} {316} { } {} {} {}
E {  311} {n} {n} {1} {0}
E {  315} {s} {s} {4} {0}

R {  317} {8} {} {317} { } {} {} {}
E {  300} {n} {n} {1} {0}
E {  308} {s} {s} {4} {0}

R {  318} {0} {} {318} { } {} {} {}
E {  312} {z} {z} {12} {0}
E {  302} {q} {q} {9} {0}
E {  323} {r} {r} {3} {0}
E {  325} {n} {n} {1} {0}
E {  326} {v} {v} {6} {0}
E {  327} {s} {s} {4} {0}

R {  319} {8} {} {319} { } {} {} {}
E {  312} {s} {s} {4} {0}
E {  302} {n} {n} {1} {0}

R {  320} {0} {} {320} { } {} {} {}
E {  303} {z} {z} {12} {0}
E {  295} {q} {q} {9} {0}
E {  322} {v} {v} {6} {0}
E {  324} {s} {s} {4} {0}

R {  321} {8} {} {321} { } {} {} {}
E {  303} {s} {s} {4} {0}
E {  295} {n} {n} {1} {0}

R {  322} {0} {<170>} {322} { } {} {} {}
E {  320} {q} {q} {9} {0}
E {  323} {z} {z} {12} {0}
E {  333} {s} {s} {4} {0}
E {  334} {r} {r} {3} {0}

R {  323} {0} {} {323} { } {} {} {}
E {  322} {r} {r} {3} {0}
E {  324} {n} {n} {1} {0}
E {  303} {q} {q} {9} {0}
E {  318} {z} {z} {12} {0}
E {  330} {v} {v} {6} {0}
E {  331} {s} {s} {4} {0}

R {  324} {8} {} {324} { } {} {} {}
E {  320} {n} {n} {1} {0}
E {  323} {s} {s} {4} {0}

R {  325} {8} {} {325} { } {} {} {}
E {  318} {s} {s} {4} {0}
E {  303} {n} {n} {1} {0}

R {  326} {0} {} {326} { } {} {} {}
E {  318} {q} {q} {9} {0}
E {  311} {z} {z} {12} {0}
E {  328} {v} {v} {6} {0}
E {  329} {s} {s} {4} {0}
E {  330} {r} {r} {3} {0}
E {  331} {n} {n} {1} {0}

R {  327} {8} {} {327} { } {} {} {}
E {  311} {s} {s} {4} {0}
E {  318} {n} {n} {1} {0}

R {  328} {0} {} {328} { } {} {} {}
E {  314} {z} {z} {12} {0}
E {  326} {q} {q} {9} {0}
E {  332} {n} {n} {1} {0}
E {  349} {s} {s} {4} {0}

R {  329} {8} {} {329} { } {} {} {}
E {  314} {s} {s} {4} {0}
E {  326} {n} {n} {1} {0}

R {  330} {0} {} {330} { } {} {} {}
E {  326} {z} {z} {12} {0}
E {  323} {q} {q} {9} {0}
E {  332} {s} {s} {4} {0}
E {  333} {n} {n} {1} {0}

R {  331} {8} {} {331} { } {} {} {}
E {  323} {n} {n} {1} {0}
E {  326} {s} {s} {4} {0}

R {  332} {8} {} {332} { } {} {} {}
E {  330} {n} {n} {1} {0}
E {  328} {s} {s} {4} {0}

R {  333} {8} {} {333} { } {} {} {}
E {  330} {s} {s} {4} {0}
E {  322} {n} {n} {1} {0}

R {  334} {0} {} {334} { } {} {} {}
E {  322} {z} {z} {12} {0}
E {  335} {r} {r} {3} {0}

R {  335} {0} {} {335} { } {} {} {}
E {  334} {z} {z} {12} {0}
E {  336} {r} {r} {3} {0}

R {  336} {0} {} {336} { } {} {} {}
E {  335} {z} {z} {12} {0}
E {  337} {n} {n} {1} {0}

R {  337} {0} {} {337} { } {} {} {}
E {  336} {s} {s} {4} {0}
E {  338} {e} {e} {2} {0}
E {  339} {w} {w} {8} {0}
E {  340} {n} {n} {1} {0}

R {  338} {0} {} {338} { } {} {} {}
E {  337} {w} {w} {8} {0}

R {  339} {0} {} {339} { } {} {} {}
E {  337} {e} {e} {2} {0}

R {  340} {0} {} {340} { } {} {} {}
E {  337} {s} {s} {4} {0}
E {  341} {r} {r} {3} {0}
E {  345} {q} {q} {9} {0}

R {  341} {0} {} {341} { } {} {} {}
E {  340} {z} {z} {12} {0}
E {  342} {u} {u} {16} {0}

R {  342} {0} {} {342} { } {} {} {}
E {  341} {d} {d} {32} {0}
E {  343} {u} {u} {16} {0}

R {  343} {0} {} {343} { } {} {} {}
E {  342} {d} {d} {32} {0}
E {  344} {n} {n} {1} {0}

R {  344} {0} {} {344} { } {} {} {}
E {  343} {s} {s} {4} {0}

R {  345} {0} {} {345} { } {} {} {}
E {  340} {v} {v} {6} {0}
E {  346} {u} {u} {16} {0}

R {  346} {0} {} {346} { } {} {} {}
E {  345} {d} {d} {32} {0}
E {  347} {u} {u} {16} {0}

R {  347} {0} {} {347} { } {} {} {}
E {  346} {d} {d} {32} {0}

R {  348} {0} {} {348} { } {} {} {}
E {  314} {q} {q} {9} {0}
E {  349} {n} {n} {1} {0}
E {  351} {s} {s} {4} {0}

R {  349} {8} {} {349} { } {} {} {}
E {  348} {s} {s} {4} {0}
E {  328} {n} {n} {1} {0}

R {  350} {0} {} {350} { } {} {} {}
E {  351} {n} {n} {1} {0}
E {  352} {s} {s} {4} {0}

R {  351} {8} {} {351} { } {} {} {}
E {  348} {n} {n} {1} {0}
E {  350} {s} {s} {4} {0}

R {  352} {8} {} {352} { } {} {} {}
E {  350} {n} {n} {1} {0}
E {   72} {s} {s} {4} {0}

R {  353} {0} {} {353} { } {} {} {}
E {  279} {s} {s} {4} {0}
E {  354} {n} {n} {1} {0}

R {  354} {0} {} {354} { } {} {} {}
E {  353} {s} {s} {4} {0}
E {  355} {n} {n} {1} {0}

R {  355} {0} {} {355} { } {} {} {}
E {  354} {s} {s} {4} {0}
E {  356} {n} {n} {1} {0}

R {  356} {0} {} {356} { } {} {} {}
E {  355} {s} {s} {4} {0}
E {  357} {w} {w} {8} {0}
E {  358} {e} {e} {2} {0}
E {  359} {n} {n} {1} {0}

R {  357} {0} {} {357} { } {} {} {}
E {  356} {e} {e} {2} {0}

R {  358} {0} {} {358} { } {} {} {}
E {  356} {w} {w} {8} {0}

R {  359} {0} {} {359} { } {} {} {}
E {  356} {s} {s} {4} {0}
E {  360} {r} {r} {3} {0}
E {  364} {q} {q} {9} {0}

R {  360} {0} {} {360} { } {} {} {}
E {  359} {z} {z} {12} {0}
E {  361} {u} {u} {16} {0}

R {  361} {0} {} {361} { } {} {} {}
E {  360} {d} {d} {32} {0}
E {  362} {u} {u} {16} {0}

R {  362} {0} {} {362} { } {} {} {}
E {  361} {d} {d} {32} {0}
E {  363} {n} {n} {1} {0}

R {  363} {0} {} {363} { } {} {} {}
E {  362} {s} {s} {4} {0}

R {  364} {0} {} {364} { } {} {} {}
E {  359} {v} {v} {6} {0}
E {  365} {u} {u} {16} {0}

R {  365} {0} {} {365} { } {} {} {}
E {  364} {d} {d} {32} {0}
E {  366} {u} {u} {16} {0}

R {  366} {0} {} {366} { } {} {} {}
E {  365} {d} {d} {32} {0}

R {  367} {0} {} {367} { } {} {} {}
E {  208} {u} {u} {16} {0}
E {  368} {d} {d} {32} {0}

R {  368} {0} {} {368} { } {} {} {}
E {  367} {u} {u} {16} {0}
E {  369} {d} {d} {32} {0}

R {  369} {0} {} {369} { } {} {} {}
E {  368} {u} {u} {16} {0}
E {  370} {d} {d} {32} {0}

R {  370} {0} {} {370} { } {} {} {}
E {  369} {u} {u} {16} {0}
