C 15000

CE <078>
CR <178>

F 8

I 26

L * # # + # | + + # + - + + + + + x


R {    1} {0} {<140>} {exit} { } {} {} {}
E {    2} {w} {w} {8}
E {   16} {n} {n} {1}

R {    2} {0} {} {2} { } {} {} {}
E {    1} {e} {e} {2}
E {    3} {w} {w} {8}

R {    3} {0} {} {3} { } {} {} {}
E {    2} {e} {e} {2}
E {    4} {w} {w} {8}
E {    5} {n} {n} {1}

R {    4} {0} {} {4} { } {} {} {}
E {    3} {e} {e} {2}

R {    5} {0} {} {5} { } {} {} {}
E {    3} {s} {s} {4}
E {    6} {n} {n} {1}
E {    9} {alley} {alley} {0}

R {    6} {0} {} {6} { } {} {} {}
E {    5} {s} {s} {4}
E {    7} {n} {n} {1}

R {    7} {0} {} {7} { } {} {} {}
E {    6} {s} {s} {4}
E {    8} {e} {e} {2}
E {   10} {path} {path} {0}

R {    8} {0} {} {8} { } {} {} {}
E {    7} {w} {w} {8}
E {   15} {alley} {alley} {0}

R {    9} {0} {} {9} { } {} {} {}
E {    5} {out} {out} {0}

R {   10} {0} {} {10} { } {} {} {}
E {    7} {path} {path} {0}
E {   11} {archway} {archway} {0}

R {   11} {0} {} {11} { } {} {} {}
E {   10} {archway} {archway} {0}
E {   12} {n} {n} {1}
E {   13} {e} {e} {2}

R {   12} {0} {} {12} { } {} {} {}
E {   11} {s} {s} {4}

R {   13} {0} {} {13} { } {} {} {}
E {   11} {w} {w} {8}
E {   14} {n} {n} {1}

R {   14} {0} {} {14} { } {} {} {}
E {   13} {s} {s} {4}

R {   15} {0} {} {15} { } {} {} {}
E {    8} {out} {out} {0}

R {   16} {0} {} {16} { } {} {} {}
E {    1} {s} {s} {4}
E {   17} {n} {n} {1}

R {   17} {0} {} {17} { } {} {} {}
E {   16} {s} {s} {4}
E {   18} {n} {n} {1}

R {   18} {0} {} {18} { } {} {} {}
E {   17} {s} {s} {4}
E {   19} {e} {e} {2}

R {   19} {0} {} {19} { } {} {} {}
E {   18} {w} {w} {8}
E {   20} {e} {e} {2}

R {   20} {0} {} {20} { } {} {} {}
E {   19} {w} {w} {8}
E {   21} {shop} {shop} {0}
E {   22} {s} {s} {4}

R {   21} {0} {} {21} { } {} {} {}
E {   20} {out} {out} {0}

R {   22} {0} {} {22} { } {} {} {}
E {   20} {n} {n} {1}
E {   23} {alley} {alley} {0}
E {   24} {s} {s} {4}

R {   23} {0} {} {23} { } {} {} {}
E {   22} {out} {out} {0}

R {   24} {0} {} {24} { } {} {} {}
E {   22} {n} {n} {1}
E {   25} {s} {s} {4}

R {   25} {0} {} {25} { } {} {} {}
E {   24} {n} {n} {1}
E {   26} {w} {w} {8}

R {   26} {0} {} {26} { } {} {} {}
E {   25} {e} {e} {2}
E {   27} {alley} {alley} {0}

R {   27} {0} {} {27} { } {} {} {}
E {   26} {out} {out} {0}
